###############################################################################
#
# IAR ELF Linker V7.20.2.7424/W32 for ARM                 23/Mar/2017  21:27:37
# Copyright 2007-2014 IAR Systems AB.
#
#    Output file  =  
#        C:\Users\SunHang\Desktop\直立程序 - 封装后 - 综合 -
#        斜率判断方案\Prj\IAR\DZ10_Debug\Exe\vcan_Kinetis.out
#    Map file     =  
#        C:\Users\SunHang\Desktop\直立程序 - 封装后 - 综合 -
#        斜率判断方案\Prj\IAR\DZ10_Debug\List\vcan_Kinetis.map
#    Command line =  
#        "C:\Users\SunHang\Desktop\直立程序 - 封装后 - 综合 -
#        斜率判断方案\Prj\IAR\DZ10_Debug\Obj\Car_Control.o"
#        "C:\Users\SunHang\Desktop\直立程序 - 封装后 - 综合 -
#        斜率判断方案\Prj\IAR\DZ10_Debug\Obj\ctr_motor.o"
#        "C:\Users\SunHang\Desktop\直立程序 - 封装后 - 综合 -
#        斜率判断方案\Prj\IAR\DZ10_Debug\Obj\diskio.o"
#        "C:\Users\SunHang\Desktop\直立程序 - 封装后 - 综合 -
#        斜率判断方案\Prj\IAR\DZ10_Debug\Obj\encoder.o"
#        "C:\Users\SunHang\Desktop\直立程序 - 封装后 - 综合 -
#        斜率判断方案\Prj\IAR\DZ10_Debug\Obj\ff.o"
#        "C:\Users\SunHang\Desktop\直立程序 - 封装后 - 综合 -
#        斜率判断方案\Prj\IAR\DZ10_Debug\Obj\ftoa.o"
#        "C:\Users\SunHang\Desktop\直立程序 - 封装后 - 综合 -
#        斜率判断方案\Prj\IAR\DZ10_Debug\Obj\image_processing.o"
#        "C:\Users\SunHang\Desktop\直立程序 - 封装后 - 综合 -
#        斜率判断方案\Prj\IAR\DZ10_Debug\Obj\main.o"
#        "C:\Users\SunHang\Desktop\直立程序 - 封装后 - 综合 -
#        斜率判断方案\Prj\IAR\DZ10_Debug\Obj\misc.o"
#        "C:\Users\SunHang\Desktop\直立程序 - 封装后 - 综合 -
#        斜率判断方案\Prj\IAR\DZ10_Debug\Obj\MK60_adc.o"
#        "C:\Users\SunHang\Desktop\直立程序 - 封装后 - 综合 -
#        斜率判断方案\Prj\IAR\DZ10_Debug\Obj\MK60_can.o"
#        "C:\Users\SunHang\Desktop\直立程序 - 封装后 - 综合 -
#        斜率判断方案\Prj\IAR\DZ10_Debug\Obj\MK60_conf.o"
#        "C:\Users\SunHang\Desktop\直立程序 - 封装后 - 综合 -
#        斜率判断方案\Prj\IAR\DZ10_Debug\Obj\MK60_dac.o"
#        "C:\Users\SunHang\Desktop\直立程序 - 封装后 - 综合 -
#        斜率判断方案\Prj\IAR\DZ10_Debug\Obj\MK60_dma.o"
#        "C:\Users\SunHang\Desktop\直立程序 - 封装后 - 综合 -
#        斜率判断方案\Prj\IAR\DZ10_Debug\Obj\MK60_DWT.o"
#        "C:\Users\SunHang\Desktop\直立程序 - 封装后 - 综合 -
#        斜率判断方案\Prj\IAR\DZ10_Debug\Obj\MK60_flash.o"
#        "C:\Users\SunHang\Desktop\直立程序 - 封装后 - 综合 -
#        斜率判断方案\Prj\IAR\DZ10_Debug\Obj\MK60_flexbus.o"
#        "C:\Users\SunHang\Desktop\直立程序 - 封装后 - 综合 -
#        斜率判断方案\Prj\IAR\DZ10_Debug\Obj\MK60_ftm.o"
#        "C:\Users\SunHang\Desktop\直立程序 - 封装后 - 综合 -
#        斜率判断方案\Prj\IAR\DZ10_Debug\Obj\MK60_gpio.o"
#        "C:\Users\SunHang\Desktop\直立程序 - 封装后 - 综合 -
#        斜率判断方案\Prj\IAR\DZ10_Debug\Obj\MK60_i2c.o"
#        "C:\Users\SunHang\Desktop\直立程序 - 封装后 - 综合 -
#        斜率判断方案\Prj\IAR\DZ10_Debug\Obj\MK60_it.o"
#        "C:\Users\SunHang\Desktop\直立程序 - 封装后 - 综合 -
#        斜率判断方案\Prj\IAR\DZ10_Debug\Obj\MK60_lptmr.o"
#        "C:\Users\SunHang\Desktop\直立程序 - 封装后 - 综合 -
#        斜率判断方案\Prj\IAR\DZ10_Debug\Obj\MK60_mcg.o"
#        "C:\Users\SunHang\Desktop\直立程序 - 封装后 - 综合 -
#        斜率判断方案\Prj\IAR\DZ10_Debug\Obj\MK60_PIT.o"
#        "C:\Users\SunHang\Desktop\直立程序 - 封装后 - 综合 -
#        斜率判断方案\Prj\IAR\DZ10_Debug\Obj\MK60_port.o"
#        "C:\Users\SunHang\Desktop\直立程序 - 封装后 - 综合 -
#        斜率判断方案\Prj\IAR\DZ10_Debug\Obj\MK60_rtc.o"
#        "C:\Users\SunHang\Desktop\直立程序 - 封装后 - 综合 -
#        斜率判断方案\Prj\IAR\DZ10_Debug\Obj\MK60_sdhc.o"
#        "C:\Users\SunHang\Desktop\直立程序 - 封装后 - 综合 -
#        斜率判断方案\Prj\IAR\DZ10_Debug\Obj\MK60_spi.o"
#        "C:\Users\SunHang\Desktop\直立程序 - 封装后 - 综合 -
#        斜率判断方案\Prj\IAR\DZ10_Debug\Obj\MK60_SysTick.o"
#        "C:\Users\SunHang\Desktop\直立程序 - 封装后 - 综合 -
#        斜率判断方案\Prj\IAR\DZ10_Debug\Obj\MK60_uart.o"
#        "C:\Users\SunHang\Desktop\直立程序 - 封装后 - 综合 -
#        斜率判断方案\Prj\IAR\DZ10_Debug\Obj\MK60_usb.o"
#        "C:\Users\SunHang\Desktop\直立程序 - 封装后 - 综合 -
#        斜率判断方案\Prj\IAR\DZ10_Debug\Obj\MK60_wdog.o"
#        "C:\Users\SunHang\Desktop\直立程序 - 封装后 - 综合 -
#        斜率判断方案\Prj\IAR\DZ10_Debug\Obj\mpu6050.o"
#        "C:\Users\SunHang\Desktop\直立程序 - 封装后 - 综合 -
#        斜率判断方案\Prj\IAR\DZ10_Debug\Obj\pid.o"
#        "C:\Users\SunHang\Desktop\直立程序 - 封装后 - 综合 -
#        斜率判断方案\Prj\IAR\DZ10_Debug\Obj\startup_MK60DZ10.o"
#        "C:\Users\SunHang\Desktop\直立程序 - 封装后 - 综合 -
#        斜率判断方案\Prj\IAR\DZ10_Debug\Obj\system_MK60DZ10.o"
#        "C:\Users\SunHang\Desktop\直立程序 - 封装后 - 综合 -
#        斜率判断方案\Prj\IAR\DZ10_Debug\Obj\USB.o"
#        "C:\Users\SunHang\Desktop\直立程序 - 封装后 - 综合 -
#        斜率判断方案\Prj\IAR\DZ10_Debug\Obj\USB_CDC.o"
#        "C:\Users\SunHang\Desktop\直立程序 - 封装后 - 综合 -
#        斜率判断方案\Prj\IAR\DZ10_Debug\Obj\VCAN_ASCII.o"
#        "C:\Users\SunHang\Desktop\直立程序 - 封装后 - 综合 -
#        斜率判断方案\Prj\IAR\DZ10_Debug\Obj\VCAN_BMP.o"
#        "C:\Users\SunHang\Desktop\直立程序 - 封装后 - 综合 -
#        斜率判断方案\Prj\IAR\DZ10_Debug\Obj\VCAN_camera.o"
#        "C:\Users\SunHang\Desktop\直立程序 - 封装后 - 综合 -
#        斜率判断方案\Prj\IAR\DZ10_Debug\Obj\VCAN_computer.o"
#        "C:\Users\SunHang\Desktop\直立程序 - 封装后 - 综合 -
#        斜率判断方案\Prj\IAR\DZ10_Debug\Obj\vcan_img2sd.o"
#        "C:\Users\SunHang\Desktop\直立程序 - 封装后 - 综合 -
#        斜率判断方案\Prj\IAR\DZ10_Debug\Obj\VCAN_key.o"
#        "C:\Users\SunHang\Desktop\直立程序 - 封装后 - 综合 -
#        斜率判断方案\Prj\IAR\DZ10_Debug\Obj\VCAN_key_event.o"
#        "C:\Users\SunHang\Desktop\直立程序 - 封装后 - 综合 -
#        斜率判断方案\Prj\IAR\DZ10_Debug\Obj\VCAN_LCD.o"
#        "C:\Users\SunHang\Desktop\直立程序 - 封装后 - 综合 -
#        斜率判断方案\Prj\IAR\DZ10_Debug\Obj\VCAN_LCD_CH.o"
#        "C:\Users\SunHang\Desktop\直立程序 - 封装后 - 综合 -
#        斜率判断方案\Prj\IAR\DZ10_Debug\Obj\VCAN_LCD_ILI9341.o"
#        "C:\Users\SunHang\Desktop\直立程序 - 封装后 - 综合 -
#        斜率判断方案\Prj\IAR\DZ10_Debug\Obj\VCAN_LCD_ST7735R.o"
#        "C:\Users\SunHang\Desktop\直立程序 - 封装后 - 综合 -
#        斜率判断方案\Prj\IAR\DZ10_Debug\Obj\VCAN_LCD_ST7735S.o"
#        "C:\Users\SunHang\Desktop\直立程序 - 封装后 - 综合 -
#        斜率判断方案\Prj\IAR\DZ10_Debug\Obj\VCAN_LED.o"
#        "C:\Users\SunHang\Desktop\直立程序 - 封装后 - 综合 -
#        斜率判断方案\Prj\IAR\DZ10_Debug\Obj\VCAN_MMA7455.o"
#        "C:\Users\SunHang\Desktop\直立程序 - 封装后 - 综合 -
#        斜率判断方案\Prj\IAR\DZ10_Debug\Obj\VCAN_NRF24L0.o"
#        "C:\Users\SunHang\Desktop\直立程序 - 封装后 - 综合 -
#        斜率判断方案\Prj\IAR\DZ10_Debug\Obj\VCAN_NRF24L0_MSG.o"
#        "C:\Users\SunHang\Desktop\直立程序 - 封装后 - 综合 -
#        斜率判断方案\Prj\IAR\DZ10_Debug\Obj\VCAN_OV7725_Eagle.o"
#        "C:\Users\SunHang\Desktop\直立程序 - 封装后 - 综合 -
#        斜率判断方案\Prj\IAR\DZ10_Debug\Obj\VCAN_OV7725_Wolf.o"
#        "C:\Users\SunHang\Desktop\直立程序 - 封装后 - 综合 -
#        斜率判断方案\Prj\IAR\DZ10_Debug\Obj\VCAN_RTC_count.o"
#        "C:\Users\SunHang\Desktop\直立程序 - 封装后 - 综合 -
#        斜率判断方案\Prj\IAR\DZ10_Debug\Obj\VCAN_SCCB.o"
#        "C:\Users\SunHang\Desktop\直立程序 - 封装后 - 综合 -
#        斜率判断方案\Prj\IAR\DZ10_Debug\Obj\vcan_sd_app.o"
#        "C:\Users\SunHang\Desktop\直立程序 - 封装后 - 综合 -
#        斜率判断方案\Prj\IAR\DZ10_Debug\Obj\Vcan_touch.o"
#        "C:\Users\SunHang\Desktop\直立程序 - 封装后 - 综合 -
#        斜率判断方案\Prj\IAR\DZ10_Debug\Obj\VCAN_TSL1401.o"
#        "C:\Users\SunHang\Desktop\直立程序 - 封装后 - 综合 -
#        斜率判断方案\Prj\IAR\DZ10_Debug\Obj\VCAN_UI_VAR.o"
#        "C:\Users\SunHang\Desktop\直立程序 - 封装后 - 综合 -
#        斜率判断方案\Prj\IAR\DZ10_Debug\Obj\vectors.o" --redirect
#        _Printf=_PrintfLargeNoMb --redirect _Scanf=_ScanfLargeNoMb -o
#        "C:\Users\SunHang\Desktop\直立程序 - 封装后 - 综合 -
#        斜率判断方案\Prj\IAR\DZ10_Debug\Exe\vcan_Kinetis.out" --map
#        "C:\Users\SunHang\Desktop\直立程序 - 封装后 - 综合 -
#        斜率判断方案\Prj\IAR\DZ10_Debug\List\vcan_Kinetis.map" --config
#        "C:\Users\SunHang\Desktop\直立程序 - 封装后 - 综合 -
#        斜率判断方案\Prj\IAR\config files\vcan_ROM_K60N512.icf"
#        "C:\Users\SunHang\Desktop\直立程序 - 封装后 - 综合 -
#        斜率判断方案\Prj\IAR\..\..\Lib\CMSIS\iar_cortexM4l_math.a" --entry
#        __iar_program_start --vfe
#
###############################################################################

*******************************************************************************
*** RUNTIME MODEL ATTRIBUTES
***

CppFlavor       = *
__SystemLibrary = DLib


*******************************************************************************
*** PLACEMENT SUMMARY
***

"A1":  place at 0x00000000 { ro section .intvec };
"A2":  place at 0x00000410 { ro section .noinit };
"P1":  place in [from 0x00000000 to 0x00080000] { ro, block CodeRelocate };
"P2":  place in [from 0x1fff0410 to 0x20010000] {
          rw, block CodeRelocateRam, block CSTACK, block HEAP };

  Section              Kind        Address    Size  Object
  -------              ----        -------    ----  ------
"A1":                                        0x410
  .intvec              const    0x00000000   0x410  vectors.o [1]
                              - 0x00000410   0x410

"P1", part 1 of 2:                             0x0
  .rodata              const    0x00000410     0x0  zero_init3.o [5]

"A2":                                          0x8
  .noinit              ro code  0x00000410     0x8  startup_MK60DZ10.o [1]
                              - 0x00000418     0x8

"P1", part 2 of 2:                          0x8374
  .text                ro code  0x00000418  0x1c2c  VCAN_LCD_ST7735S.o [1]
  .text                ro code  0x00002044   0x1ec  MK60_gpio.o [1]
  .text                ro code  0x00002230    0xb0  MK60_port.o [1]
  .text                ro code  0x000022e0    0x50  MK60_lptmr.o [1]
  Veneer               ro code  0x00002330     0x8  - Linker created -
  Veneer               ro code  0x00002338     0x8  - Linker created -
  .text                ro code  0x00002340   0x140  MK60_conf.o [1]
  .text                ro code  0x00002480    0x70  VCAN_LED.o [1]
  .text                ro code  0x000024f0    0x24  printf.o [3]
  .text                ro code  0x00002514   0x270  MK60_uart.o [1]
  .text                ro code  0x00002784    0x9c  VCAN_key.o [1]
  .text                ro code  0x00002820   0xbee  xprintflarge_nomb.o [3]
  .text                ro code  0x0000340e    0x22  zero_init3.o [5]
  .text                ro code  0x00003430    0x16  strchr.o [5]
  .text                ro code  0x00003448    0x36  strlen.o [5]
  .text                ro code  0x00003480    0x58  memchr.o [5]
  .text                ro code  0x000034d8    0xee  I64DivMod.o [5]
  .text                ro code  0x000035c8    0x76  ABImemcpy_unaligned.o [5]
  .text                ro code  0x0000363e    0x42  xdnorm.o [4]
  .text                ro code  0x00003680    0x2e  DblCmpLe.o [4]
  .text                ro code  0x000036b0   0x1a2  DblMul.o [4]
  .text                ro code  0x00003854   0x246  DblDiv.o [4]
  .text                ro code  0x00003a9c    0x2c  DblToI32.o [4]
  .text                ro code  0x00003ac8    0x30  I32ToDbl.o [4]
  .text                ro code  0x00003af8   0x180  DblSub.o [4]
  .text                ro code  0x00003c78    0x6c  localeconv.o [3]
  .text                ro code  0x00003ce4     0xe  div.o [3]
  .text                ro code  0x00003cf4     0x2  I64DivZer.o [5]
  .text                ro code  0x00003cf8    0xe8  DblAdd.o [4]
  .text                ro code  0x00003de0     0x2  xtls.o [3]
  .text                ro code  0x00003de4   0x96c  main.o [1]
  .text                ro code  0x00004750   0x324  VCAN_LCD.o [1]
  .text                ro code  0x00004a74   0x1fc  VCAN_OV7725_Eagle.o [1]
  .text                ro code  0x00004c70   0x410  Car_Control.o [1]
  .text                ro code  0x00005080    0x50  misc.o [1]
  .text                ro code  0x000050d0   0x15c  MK60_PIT.o [1]
  .text                ro code  0x0000522c   0x304  image_processing.o [1]
  .text                ro code  0x00005530    0x24  FltCmpGe.o [4]
  .text                ro code  0x00005554    0x24  FltCmpLe.o [4]
  .text                ro code  0x00005578   0x124  ctr_motor.o [1]
  .text                ro code  0x0000569c   0x138  ftoa.o [1]
  .text                ro code  0x000057d4    0x44  FltToS32.o [4]
  .text                ro code  0x00005818   0x284  MK60_dma.o [1]
  .text                ro code  0x00005a9c    0x34  encoder.o [1]
  .text                ro code  0x00005ad0   0x3c4  mpu6050.o [1]
  .text                ro code  0x00005e94    0x90  DblToFlt.o [4]
  .text                ro code  0x00005f24    0x4e  FltToDbl.o [4]
  .text                ro code  0x00005f74    0xcc  atan2.o [4]
  .text                ro code  0x00006040    0xe6  FltSub.o [4]
  .text                ro code  0x00006128    0xd8  FltMul.o [4]
  .text                ro code  0x00006200    0x32  I32ToFlt.o [4]
  .text                ro code  0x00006234    0xfc  FltDiv.o [4]
  .text                ro code  0x00006330    0x84  FltAdd.o [4]
  .text                ro code  0x000063b4   0x1c8  pid.o [1]
  .text                ro code  0x0000657c    0x94  atan.o [4]
  .text                ro code  0x00006610   0x500  MK60_ftm.o [1]
  .text                ro code  0x00006b10    0x44  strcpy_unaligned.o [5]
  .text                ro code  0x00006b54     0x6  ABImemclr4.o [5]
  .text                ro code  0x00006b5a    0x32  xdtest.o [4]
  .rodata              const    0x00006b8c    0x54  misc.o [1]
  .text                ro code  0x00006be0   0x1e0  xatan.o [4]
  .text                ro code  0x00006dc0    0x2e  DblCmpGe.o [4]
  .text                ro code  0x00006df0    0x32  ABImemset48.o [5]
  .data_init                    0x00006e24   0x810  <Block>
    Initializer bytes  ro data  0x00006e24   0x810  <for .data-1>
  .rodata              const    0x00007634   0x600  VCAN_ASCII.o [1]
  Veneer               ro code  0x00007c34     0x8  - Linker created -
  .text                ro code  0x00007c3c   0x3c8  MK60_mcg.o [1]
  CodeRelocate                  0x00008004   0x1c8  <Block>
    Initializer bytes  ro data  0x00008004   0x1c8  <for CodeRelocateRam-1>
  .text                ro code  0x000081cc   0x130  system_MK60DZ10.o [1]
  .text                ro code  0x000082fc    0x40  MK60_wdog.o [1]
  .rodata              const    0x0000833c    0x60  VCAN_LCD_ST7735S.o [1]
  .rodata              const    0x0000839c    0x58  MK60_dma.o [1]
  .rodata              const    0x000083f4    0x58  MK60_flash.o [1]
  .rodata              const    0x0000844c    0x58  MK60_ftm.o [1]
  .rodata              const    0x000084a4    0x58  MK60_gpio.o [1]
  .rodata              const    0x000084fc    0x58  MK60_PIT.o [1]
  .rodata              const    0x00008554    0x58  MK60_uart.o [1]
  .rodata              const    0x000085ac    0x3c  MK60_conf.o [1]
  .text                ro code  0x000085e8    0x28  data_init.o [5]
  .rodata              const    0x00008610    0x24  MK60_conf.o [1]
  .iar.init_table      const    0x00008634    0x10  - Linker created -
  .rodata              const    0x00008644    0x20  MK60_conf.o [1]
  .text                ro code  0x00008664    0x1a  cmain.o [5]
  .text                ro code  0x0000867e     0x4  low_level_init.o [3]
  .text                ro code  0x00008682     0x4  exit.o [3]
  .text                ro code  0x00008688     0xa  cexit.o [5]
  .text                ro code  0x00008694     0xc  XXexit.o [5]
  .text                ro code  0x000086a0    0x16  xprout.o [3]
  .text                ro code  0x000086b8     0xc  putchar.o [3]
  .rodata              const    0x000086c4    0x14  MK60_conf.o [1]
  .rodata              const    0x000086d8    0x10  main.o [1]
  .text                ro code  0x000086e8     0xc  cstartup_M.o [5]
  .rodata              const    0x000086f4     0x4  main.o [1]
  .rodata              const    0x000086f8     0x4  main.o [1]
  .rodata              const    0x000086fc     0x4  VCAN_LCD.o [1]
  .rodata              const    0x00008700     0x4  VCAN_LCD.o [1]
  Initializer bytes    ro data  0x00008704    0x88  <for P2 s0>
                              - 0x0000878c  0x8374

"P2":                                       0x9e78
  .data                         0x1fff0410   0x810  <Block>
    .data-1                     0x1fff0410   0x810  <Init block>
      .data            inited   0x1fff0410     0x1  image_processing.o [1]
      .data            inited   0x1fff0412     0x2  main.o [1]
      .data            inited   0x1fff0414     0x2  main.o [1]
      .data            inited   0x1fff0416     0x2  main.o [1]
      .data            inited   0x1fff0418     0x2  main.o [1]
      .data            inited   0x1fff041c   0x708  MK60_conf.o [1]
      .data            inited   0x1fff0b24     0xc  MK60_ftm.o [1]
      .data            inited   0x1fff0b30    0x14  MK60_gpio.o [1]
      .data            inited   0x1fff0b44    0x44  MK60_mcg.o [1]
      .data            inited   0x1fff0b88     0x4  MK60_mcg.o [1]
      .data            inited   0x1fff0b8c    0x14  MK60_port.o [1]
      .data            inited   0x1fff0ba0    0x18  MK60_uart.o [1]
      .data            inited   0x1fff0bb8     0x4  pid.o [1]
      .data            inited   0x1fff0bbc     0x4  pid.o [1]
      .data            inited   0x1fff0bc0     0x4  pid.o [1]
      .data            inited   0x1fff0bc4     0x4  pid.o [1]
      .data            inited   0x1fff0bc8     0x4  pid.o [1]
      .data            inited   0x1fff0bcc     0x8  VCAN_key.o [1]
      .data            inited   0x1fff0bd4     0x2  VCAN_LCD_ST7735S.o [1]
      .data            inited   0x1fff0bd6     0x2  VCAN_LCD_ST7735S.o [1]
      .data            inited   0x1fff0bd8     0x4  VCAN_LED.o [1]
      .data            inited   0x1fff0bdc     0x1  VCAN_OV7725_Eagle.o [1]
      .data            inited   0x1fff0be0    0x40  xfiles.o [3]
  CodeRelocateRam               0x1fff0c20   0x1c8  <Block>
    CodeRelocateRam-1           0x1fff0c20   0x1c8  <Init block>
      Veneer           inited   0x1fff0c20     0x8  - Linker created -
      Veneer           inited   0x1fff0c28     0x8  - Linker created -
      .textrw          inited   0x1fff0c30   0x168  MK60_flash.o [1]
      .textrw          inited   0x1fff0d98    0x50  MK60_mcg.o [1]
  .bss                          0x1fff0de8  0x9415  <Block>
    .bss               zero     0x1fff0de8     0x8  Car_Control.o [1]
    .bss               zero     0x1fff0df0     0x8  Car_Control.o [1]
    .bss               zero     0x1fff0df8    0x10  Car_Control.o [1]
    .bss               zero     0x1fff0e08    0x10  Car_Control.o [1]
    .bss               zero     0x1fff0e18     0x4  Car_Control.o [1]
    .bss               zero     0x1fff0e1c     0x4  Car_Control.o [1]
    .bss               zero     0x1fff0e20     0x4  Car_Control.o [1]
    .bss               zero     0x1fff0e24     0x4  Car_Control.o [1]
    .bss               zero     0x1fff0e28     0x4  Car_Control.o [1]
    .bss               zero     0x1fff0e2c     0x4  Car_Control.o [1]
    .bss               zero     0x1fff0e30     0x4  Car_Control.o [1]
    .bss               zero     0x1fff0e34     0x4  Car_Control.o [1]
    .bss               zero     0x1fff0e38     0x4  Car_Control.o [1]
    .bss               zero     0x1fff0e3c     0x4  Car_Control.o [1]
    .bss               zero     0x1fff0e40     0x4  Car_Control.o [1]
    .bss               zero     0x1fff0e44     0x4  Car_Control.o [1]
    .bss               zero     0x1fff0e48     0x4  Car_Control.o [1]
    .bss               zero     0x1fff0e4c    0x10  ftoa.o [1]
    .bss               zero     0x1fff0e5c    0x10  ftoa.o [1]
    .bss               zero     0x1fff0e6c  0x5820  main.o [1]
    .bss               zero     0x1fff668c  0x3ac0  main.o [1]
    .bss               zero     0x1fffa14c     0xc  MK60_ftm.o [1]
    .bss               zero     0x1fffa158     0x4  pid.o [1]
    .bss               zero     0x1fffa15c     0x4  pid.o [1]
    .bss               zero     0x1fffa160     0x4  pid.o [1]
    .bss               zero     0x1fffa164     0x4  pid.o [1]
    .bss               zero     0x1fffa168     0x4  pid.o [1]
    .bss               zero     0x1fffa16c     0x4  pid.o [1]
    .bss               zero     0x1fffa170     0x4  pid.o [1]
    .bss               zero     0x1fffa174     0x4  system_MK60DZ10.o [1]
    .bss               zero     0x1fffa178     0x4  system_MK60DZ10.o [1]
    .bss               zero     0x1fffa17c     0x4  system_MK60DZ10.o [1]
    .bss               zero     0x1fffa180     0x4  VCAN_OV7725_Eagle.o [1]
    .bss               zero     0x1fffa184    0x50  xfiles.o [3]
    .bss               zero     0x1fffa1d4     0x2  Car_Control.o [1]
    .bss               zero     0x1fffa1d6     0x2  Car_Control.o [1]
    .bss               zero     0x1fffa1d8     0x2  Car_Control.o [1]
    .bss               zero     0x1fffa1da     0x2  pid.o [1]
    .bss               zero     0x1fffa1dc     0x2  pid.o [1]
    .bss               zero     0x1fffa1de     0x1  Car_Control.o [1]
    .bss               zero     0x1fffa1df     0x1  Car_Control.o [1]
    .bss               zero     0x1fffa1e0     0x1  main.o [1]
    .bss               zero     0x1fffa1e1     0x1  main.o [1]
    .bss               zero     0x1fffa1e2     0x1  main.o [1]
    .bss               zero     0x1fffa1e3     0x1  main.o [1]
    .bss               zero     0x1fffa1e4     0x1  main.o [1]
    .bss               zero     0x1fffa1e5     0x1  main.o [1]
    .bss               zero     0x1fffa1e6     0x1  main.o [1]
    .bss               zero     0x1fffa1e7     0x1  main.o [1]
    .bss               zero     0x1fffa1e8     0x1  main.o [1]
    .bss               zero     0x1fffa1e9     0x1  main.o [1]
    .bss               zero     0x1fffa1ea     0x1  main.o [1]
    .bss               zero     0x1fffa1eb     0x1  main.o [1]
    .bss               zero     0x1fffa1ec     0x1  main.o [1]
    .bss               zero     0x1fffa1ed     0x1  main.o [1]
    .bss               zero     0x1fffa1ee     0x1  main.o [1]
    .bss               zero     0x1fffa1ef     0x1  main.o [1]
    .bss               zero     0x1fffa1f0     0x1  main.o [1]
    .bss               zero     0x1fffa1f1     0x1  main.o [1]
    .bss               zero     0x1fffa1f2     0x1  main.o [1]
    .bss               zero     0x1fffa1f3     0x1  main.o [1]
    .bss               zero     0x1fffa1f4     0x1  main.o [1]
    .bss               zero     0x1fffa1f5     0x1  main.o [1]
    .bss               zero     0x1fffa1f6     0x1  main.o [1]
    .bss               zero     0x1fffa1f7     0x1  main.o [1]
    .bss               zero     0x1fffa1f8     0x1  main.o [1]
    .bss               zero     0x1fffa1f9     0x1  main.o [1]
    .bss               zero     0x1fffa1fa     0x1  main.o [1]
    .bss               zero     0x1fffa1fb     0x1  main.o [1]
    .bss               zero     0x1fffa1fc     0x1  VCAN_LCD_ST7735S.o [1]
  P2 s0                         0x1fffa200    0x88  <Init block>
    __DLIB_PERTHREAD   inited   0x1fffa200    0x88  localeconv.o [3]
                              - 0x1fffa288  0x9e78


*******************************************************************************
*** INIT TABLE
***

          Address     Size
          -------     ----
Zero (__iar_zero_init3)
    1 destination range, total size 0x9415:
          0x1fff0de8  0x9415



*******************************************************************************
*** MODULE SUMMARY
***

    Module                 ro code  rw code  ro data  rw data
    ------                 -------  -------  -------  -------
C:\Users\SunHang\Desktop\直立程序 - 封装后 - 综合 - 斜率判断方案\Prj\IAR\DZ10_Debug\Obj: [1]
    Car_Control.o            1 040                        108
    MK60_PIT.o                 348                88
    MK60_conf.o                320             1 950    1 800
    MK60_dma.o                 644                88
    MK60_flash.o                        360      448
    MK60_ftm.o               1 280               100       24
    MK60_gpio.o                492               108       20
    MK60_lptmr.o                80
    MK60_mcg.o                 968       80      152       72
    MK60_port.o                176                20       20
    MK60_uart.o                624               112       24
    MK60_wdog.o                 64
    VCAN_ASCII.o                               1 536
    VCAN_LCD.o                 804                 8
    VCAN_LCD_ST7735S.o       7 212               100        5
    VCAN_LED.o                 112                 4        4
    VCAN_OV7725_Eagle.o        508                 1        5
    VCAN_key.o                 156                 8        8
    ctr_motor.o                292
    encoder.o                   52
    ftoa.o                     312                         32
    image_processing.o         772                 1        1
    main.o                   2 412                33   37 636
    misc.o                      80                84
    mpu6050.o                  964
    pid.o                      456                20       52
    startup_MK60DZ10.o           8
    system_MK60DZ10.o          304                         12
    vectors.o                                  1 040
    ---------------------------------------------------------
    Total:                  20 480      440    5 901   39 823

command line: [2]
    ---------------------------------------------------------
    Total:

dl7M_tlf.a: [3]
    div.o                       14
    exit.o                       4
    localeconv.o               108               136      136
    low_level_init.o             4
    printf.o                    36
    putchar.o                   12
    xfiles.o                                      67      144
    xprintflarge_nomb.o      3 054
    xprout.o                    22
    xtls.o                       2
    ---------------------------------------------------------
    Total:                   3 256               203      280

m7M_tl.a: [4]
    DblAdd.o                   232
    DblCmpGe.o                  46
    DblCmpLe.o                  46
    DblDiv.o                   582
    DblMul.o                   418
    DblSub.o                   384
    DblToFlt.o                 144
    DblToI32.o                  44
    FltAdd.o                   132
    FltCmpGe.o                  36
    FltCmpLe.o                  36
    FltDiv.o                   252
    FltMul.o                   216
    FltSub.o                   230
    FltToDbl.o                  78
    FltToS32.o                  68
    I32ToDbl.o                  48
    I32ToFlt.o                  50
    atan.o                     148
    atan2.o                    204
    xatan.o                    480
    xdnorm.o                    66
    xdtest.o                    50
    ---------------------------------------------------------
    Total:                   3 990

rt7M_tl.a: [5]
    ABImemclr4.o                 6
    ABImemcpy_unaligned.o      118
    ABImemset48.o               50
    I64DivMod.o                238
    I64DivZer.o                  2
    XXexit.o                    12
    cexit.o                     10
    cmain.o                     26
    cstartup_M.o                12
    data_init.o                 40
    memchr.o                    88
    strchr.o                    22
    strcpy_unaligned.o          68
    strlen.o                    54
    zero_init3.o                34
    ---------------------------------------------------------
    Total:                     780

    Gaps                        32                          6
    Linker created              24       16       32
-------------------------------------------------------------
    Grand Total:            28 562      456    6 136   40 109


*******************************************************************************
*** ENTRY LIST
***

Entry                      Address    Size  Type      Object
-----                      -------    ----  ----      ------
.bss$$Base              0x1fff0de8           --   Gb  - Linker created -
.bss$$Limit             0x1fffa1fd           --   Gb  - Linker created -
.data$$Base             0x1fff0410           --   Gb  - Linker created -
.data$$Limit            0x1fff0c20           --   Gb  - Linker created -
.data_init$$Base        0x00006e24           --   Gb  - Linker created -
.data_init$$Limit       0x00007634           --   Gb  - Linker created -
?main                   0x00008665          Code  Gb  cmain.o [5]
ASSERT_FAILED_STR       0x00008610    0x24  Data  Gb  MK60_conf.o [1]
Angle_PID               0x000063b5    0x6a  Code  Gb  pid.o [1]
Calculate_Angle         0x00005465    0xb2  Code  Gb  image_processing.o [1]
Car_Control             0x00004d5f   0x294  Code  Gb  Car_Control.o [1]
Car_Control_Init        0x00004c71    0xee  Code  Gb  Car_Control.o [1]
ChouQu_ErZhi            0x00005357    0x4c  Code  Gb  image_processing.o [1]
CodeRelocate$$Base      0x00008004           --   Gb  - Linker created -
CodeRelocate$$Limit     0x000081cc           --   Gb  - Linker created -
CodeRelocateRam$$Base   0x1fff0c20           --   Gb  - Linker created -
CodeRelocateRam$$Limit  0x1fff0de8           --   Gb  - Linker created -
Configure_MPU6050       0x00005c91    0x22  Code  Gb  mpu6050.o [1]
Ctr_Motor_L             0x000055b5    0x74  Code  Gb  ctr_motor.o [1]
Ctr_Motor_R             0x00005629    0x70  Code  Gb  ctr_motor.o [1]
DMA0_IRQHandler         0x00004749     0x8  Code  Gb  main.o [1]
Dir_PID                 0x000064c9    0x70  Code  Gb  pid.o [1]
EncoderCounter_L        0x1fff0de8     0x8  Data  Gb  Car_Control.o [1]
EncoderCounter_R        0x1fff0df0     0x8  Data  Gb  Car_Control.o [1]
Encoder_Clear           0x00005ac1    0x10  Code  Gb  encoder.o [1]
Encoder_Init            0x00005a9d    0x10  Code  Gb  encoder.o [1]
FTMN                    0x1fff0b24     0xc  Data  Gb  MK60_ftm.o [1]
FTM_port_mux            0x00006611   0x118  Code  Lc  MK60_ftm.o [1]
Flag                    0x1fffa1fa     0x1  Data  Gb  main.o [1]
GPIOX                   0x1fff0b30    0x14  Data  Gb  MK60_gpio.o [1]
GetData_MPU6050         0x00005cb3    0xf6  Code  Gb  mpu6050.o [1]
Get_Encoder_Left        0x00005aad     0xa  Code  Gb  encoder.o [1]
Get_Encoder_Right       0x00005ab7     0xa  Code  Gb  encoder.o [1]
I2C_Init                0x00005ad1    0x18  Code  Gb  mpu6050.o [1]
I2C_ReceiveByte_Ack     0x00005b99    0x6c  Code  Gb  mpu6050.o [1]
I2C_ReceiveByte_NoAck   0x00005c05    0x6c  Code  Gb  mpu6050.o [1]
I2C_SendByte            0x00005b11    0x86  Code  Gb  mpu6050.o [1]
I2C_Start               0x00005ae9    0x28  Code  Gb  mpu6050.o [1]
I2C_Stop                0x00005c71    0x20  Code  Gb  mpu6050.o [1]
Init_Control_Motor      0x00005579    0x3c  Code  Gb  ctr_motor.o [1]
Init_and_Cali_MPU6050   0x00005da9    0xec  Code  Gb  mpu6050.o [1]
KEY_PTxn                0x1fff0bcc     0x8  Data  Gb  VCAN_key.o [1]
Kd_an                   0x1fff0bbc     0x4  Data  Gb  pid.o [1]
Kd_dir                  0x1fff0bc8     0x4  Data  Gb  pid.o [1]
Kd_sp                   0x1fffa160     0x4  Data  Gb  pid.o [1]
Ki_an                   0x1fffa158     0x4  Data  Gb  pid.o [1]
Ki_dir                  0x1fffa164     0x4  Data  Gb  pid.o [1]
Ki_sp                   0x1fffa15c     0x4  Data  Gb  pid.o [1]
Kp_an                   0x1fff0bb8     0x4  Data  Gb  pid.o [1]
Kp_dir                  0x1fff0bc4     0x4  Data  Gb  pid.o [1]
Kp_sp                   0x1fff0bc0     0x4  Data  Gb  pid.o [1]
LCD_ST7735S_dir         0x000013d7   0xa0c  Code  Gb  VCAN_LCD_ST7735S.o [1]
LCD_ST7735S_init        0x00000419   0xfbe  Code  Gb  VCAN_LCD_ST7735S.o [1]
LCD_ST7735S_ptlon       0x00001df9   0x21c  Code  Gb  VCAN_LCD_ST7735S.o [1]
LCD_char                0x0000484d   0x19e  Code  Gb  VCAN_LCD.o [1]
LCD_init                0x00004751    0x2c  Code  Gb  VCAN_LCD.o [1]
LCD_rectangle           0x0000477d    0xd0  Code  Gb  VCAN_LCD.o [1]
LCD_str                 0x000049eb    0x68  Code  Gb  VCAN_LCD.o [1]
LED_PTxn                0x1fff0bd8     0x4  Data  Gb  VCAN_LED.o [1]
LoadInt                 0x00002d9d    0x6e  Code  Lc  xprintflarge_nomb.o [3]
NVIC_DisableIRQ         0x00003e1f    0x16  Code  Lc  main.o [1]
NVIC_DisableIRQ         0x00004a89    0x14  Code  Lc  VCAN_OV7725_Eagle.o [1]
NVIC_EnableIRQ          0x00003e09    0x16  Code  Lc  main.o [1]
NVIC_EnableIRQ          0x00004a75    0x14  Code  Lc  VCAN_OV7725_Eagle.o [1]
NVIC_SetPriority        0x00003e35    0x2a  Code  Lc  main.o [1]
NVIC_SetPriorityGrouping
                        0x00003de5    0x24  Code  Lc  main.o [1]
NVIC_SystemReset        0x00002341    0x1a  Code  Lc  MK60_conf.o [1]
OTSU                    0x0000522d   0x12a  Code  Gb  image_processing.o [1]
PIT0_ISR                0x00004609    0x16  Code  Gb  main.o [1]
PORTA_IRQHandler        0x00004621    0x2a  Code  Gb  main.o [1]
PORTX                   0x1fff0b8c    0x14  Data  Gb  MK60_port.o [1]
Region$$Table$$Base     0x00008634           --   Gb  - Linker created -
Region$$Table$$Limit    0x00008644           --   Gb  - Linker created -
Reset_Handler           0x00000411          Code  Gb  startup_MK60DZ10.o [1]
ST7735S_get_h           0x00002015     0x6  Code  Gb  VCAN_LCD_ST7735S.o [1]
ST7735S_get_w           0x0000201b     0x6  Code  Gb  VCAN_LCD_ST7735S.o [1]
SaiDaoLeiXing           0x1fffa1fb     0x1  Data  Gb  main.o [1]
Scan_Edge_ChuiZhi       0x00005429    0x3c  Code  Gb  image_processing.o [1]
Scan_Edge_ShuiPing      0x000053a3    0x86  Code  Gb  image_processing.o [1]
Speed_PID               0x0000641f    0xaa  Code  Gb  pid.o [1]
ThresholdValue          0x1fff0410     0x1  Data  Gb  image_processing.o [1]
UARTN                   0x1fff0ba0    0x18  Data  Gb  MK60_uart.o [1]
_GenldLargeNoMb         0x00003191   0x236  Code  Lc  xprintflarge_nomb.o [3]
_LdtobLargeNoMb         0x00002f11   0x27a  Code  Lc  xprintflarge_nomb.o [3]
_LitobLargeNoMb         0x00002e0b   0x106  Code  Lc  xprintflarge_nomb.o [3]
_Locale_aeabi_lconv     0x1fffa250    0x38  Data  Gb  localeconv.o [3]
_Locale_lconv           0x1fffa200    0x50  Data  Gb  localeconv.o [3]
_PrintfLargeNoMb        0x00002821   0x576  Code  Gb  xprintflarge_nomb.o [3]
_Prout                  0x000086a1    0x16  Code  Gb  xprout.o [3]
_PutcharsLargeNoMb      0x000033c7    0x2e  Code  Lc  xprintflarge_nomb.o [3]
__BOOT_STACK_ADDRESS {Abs}
                        0x2000fff8           --   Gb  command line/config [2]
__VECTOR_RAM {Abs}      0x1fff0000           --   Gb  command line/config [2]
__VECTOR_TABLE {Abs}    0x00000000           --   Gb  command line/config [2]
__aeabi_cdcmple         0x00003681          Code  Gb  DblCmpLe.o [4]
__aeabi_cdrcmple        0x00006dc1          Code  Gb  DblCmpGe.o [4]
__aeabi_cfcmple         0x00005555          Code  Gb  FltCmpLe.o [4]
__aeabi_cfrcmple        0x00005531          Code  Gb  FltCmpGe.o [4]
__aeabi_d2f             0x00005e95          Code  Gb  DblToFlt.o [4]
__aeabi_d2uiz           0x00003a9d          Code  Gb  DblToI32.o [4]
__aeabi_dadd            0x00003cf9          Code  Gb  DblAdd.o [4]
__aeabi_ddiv            0x00003855          Code  Gb  DblDiv.o [4]
__aeabi_dmul            0x000036b1          Code  Gb  DblMul.o [4]
__aeabi_dsub            0x00003af9          Code  Gb  DblSub.o [4]
__aeabi_f2d             0x00005f25          Code  Gb  FltToDbl.o [4]
__aeabi_f2iz            0x000057d5          Code  Gb  FltToS32.o [4]
__aeabi_fadd            0x00006331          Code  Gb  FltAdd.o [4]
__aeabi_fdiv            0x00006235          Code  Gb  FltDiv.o [4]
__aeabi_fmul            0x00006129          Code  Gb  FltMul.o [4]
__aeabi_fsub            0x00006041          Code  Gb  FltSub.o [4]
__aeabi_i2d             0x00003ac9          Code  Gb  I32ToDbl.o [4]
__aeabi_i2f             0x00006201          Code  Gb  I32ToFlt.o [4]
__aeabi_ldiv0           0x00003cf5          Code  Gb  I64DivZer.o [5]
__aeabi_memclr4         0x00006b55          Code  Gb  ABImemclr4.o [5]
__aeabi_ui2d            0x00003add          Code  Gb  I32ToDbl.o [4]
__aeabi_ui2f            0x00006215          Code  Gb  I32ToFlt.o [4]
__aeabi_uldivmod        0x000034d9          Code  Gb  I64DivMod.o [5]
__as_entries_start      0xffffffff           --   Gb  command line/config [2]
__as_table_start        0xffffffff           --   Gb  command line/config [2]
__cmain                 0x00008665          Code  Gb  cmain.o [5]
__code_start__ {Abs}    0x00000410           --   Gb  command line/config [2]
__exit                  0x00008695          Code  Gb  XXexit.o [5]
__iar_Atan              0x00006be1   0x148  Code  Gb  xatan.o [4]
__iar_Dnorm             0x0000363f    0x42  Code  Gb  xdnorm.o [4]
__iar_Dtest             0x00006b5b    0x32  Code  Gb  xdtest.o [4]
__iar_Locale_lconv_init
                        0x00003c79    0x3a  Code  Gb  localeconv.o [3]
__iar_Memchr            0x00003481          Code  Gb  memchr.o [5]
__iar_Memset4_word      0x00006df1          Code  Gb  ABImemset48.o [5]
__iar_Memset8_word      0x00006df1          Code  Gb  ABImemset48.o [5]
__iar_Stdout            0x1fff0be0    0x40  Data  Gb  xfiles.o [3]
__iar_Strchr            0x00003431          Code  Gb  strchr.o [5]
__iar_d2uiz             0x00003aa9          Code  Gb  DblToI32.o [4]
__iar_dadd              0x00003d0d          Code  Gb  DblAdd.o [4]
__iar_data_init3        0x000085e9    0x28  Code  Gb  data_init.o [5]
__iar_dlib_perthread_access
                        0x00003de1     0x2  Code  Gb  xtls.o [3]
__iar_dsub              0x00003b0d          Code  Gb  DblSub.o [4]
__iar_dsubStart         0x00003b1f          Code  Gb  DblSub.o [4]
__iar_fadd              0x00006341          Code  Gb  FltAdd.o [4]
__iar_fsub              0x00006051          Code  Gb  FltSub.o [4]
__iar_fsubStart         0x00006061          Code  Gb  FltSub.o [4]
__iar_program_start     0x000086e9          Code  Gb  cstartup_M.o [5]
__iar_ui2d              0x00003ae1          Code  Gb  I32ToDbl.o [4]
__iar_ui2f              0x00006219          Code  Gb  I32ToFlt.o [4]
__iar_unaligned___aeabi_memcpy
                        0x000035c9          Code  Gb  ABImemcpy_unaligned.o [5]
__iar_unaligned___aeabi_memcpy4
                        0x000035e9          Code  Gb  ABImemcpy_unaligned.o [5]
__iar_unaligned___aeabi_memcpy8
                        0x000035e9          Code  Gb  ABImemcpy_unaligned.o [5]
__iar_unaligned_strcpy  0x00006b11          Code  Gb  strcpy_unaligned.o [5]
__iar_zero_init3        0x0000340f    0x22  Code  Gb  zero_init3.o [5]
__low_level_init        0x0000867f     0x4  Code  Gb  low_level_init.o [3]
__vector_table          0x00000000   0x410  Data  Gb  vectors.o [1]
_call_main              0x00008671          Code  Gb  cmain.o [5]
_exit                   0x00008689          Code  Gb  cexit.o [5]
_main                   0x0000867b          Code  Gb  cmain.o [5]
a                       0x00006d80    0x40  Data  Lc  xatan.o [4]
acc_x                   0x1fff0e18     0x4  Data  Gb  Car_Control.o [1]
acc_x_init              0x1fff0e24     0x4  Data  Gb  Car_Control.o [1]
acc_z                   0x1fff0e1c     0x4  Data  Gb  Car_Control.o [1]
acc_z_init              0x1fff0e28     0x4  Data  Gb  Car_Control.o [1]
angle_acc               0x1fff0e30     0x4  Data  Gb  Car_Control.o [1]
angle_clhd              0x1fff0e3c     0x4  Data  Gb  Car_Control.o [1]
angle_gyr               0x1fff0e34     0x4  Data  Gb  Car_Control.o [1]
angle_yjhb              0x1fff0e38     0x4  Data  Gb  Car_Control.o [1]
ascii_8x16              0x00007634   0x600  Data  Gb  VCAN_ASCII.o [1]
assert_failed           0x0000235b    0x26  Code  Gb  MK60_conf.o [1]
atan                    0x0000657d    0x94  Code  Gb  atan.o [4]
atan2                   0x00005f75    0xcc  Code  Gb  atan2.o [4]
bus_clk_khz             0x1fffa17c     0x4  Data  Gb  system_MK60DZ10.o [1]
color_1                 0x1fff0412     0x2  Data  Gb  main.o [1]
color_2                 0x1fff0414     0x2  Data  Gb  main.o [1]
color_3                 0x1fff0416     0x2  Data  Gb  main.o [1]
color_ml                0x1fff0418     0x2  Data  Gb  main.o [1]
common_startup          0x0000822b    0x98  Code  Gb  system_MK60DZ10.o [1]
core_clk_khz            0x1fffa174     0x4  Data  Gb  system_MK60DZ10.o [1]
core_clk_mhz            0x1fffa178     0x4  Data  Gb  system_MK60DZ10.o [1]
default_isr             0x0000242f    0x30  Code  Gb  MK60_conf.o [1]
div                     0x00003ce5     0xe  Code  Gb  div.o [3]
dma_gpio_input_init     0x00005819    0x5c  Code  Lc  MK60_dma.o [1]
dma_portx2buff_init     0x00005875   0x1f4  Code  Gb  MK60_dma.o [1]
exit                    0x00008683     0x4  Code  Gb  exit.o [3]
f_l_1                   0x1fffa1e0     0x1  Data  Gb  main.o [1]
f_l_2                   0x1fffa1e4     0x1  Data  Gb  main.o [1]
f_l_3                   0x1fffa1e8     0x1  Data  Gb  main.o [1]
f_l_4                   0x1fffa1ec     0x1  Data  Gb  main.o [1]
f_l_5                   0x1fffa1f0     0x1  Data  Gb  main.o [1]
f_l_51                  0x1fffa1f4     0x1  Data  Gb  main.o [1]
f_r_1                   0x1fffa1e2     0x1  Data  Gb  main.o [1]
f_r_2                   0x1fffa1e6     0x1  Data  Gb  main.o [1]
f_r_3                   0x1fffa1ea     0x1  Data  Gb  main.o [1]
f_r_4                   0x1fffa1ee     0x1  Data  Gb  main.o [1]
f_r_5                   0x1fffa1f2     0x1  Data  Gb  main.o [1]
f_r_51                  0x1fffa1f6     0x1  Data  Gb  main.o [1]
flag_jbp                0x1fffa1f9     0x1  Data  Gb  main.o [1]
flash_cmd               0x1fff0c31    0x20  Code  Gb  MK60_flash.o [1]
flash_erase_sector      0x1fff0c81    0x58  Code  Gb  MK60_flash.o [1]
flash_init              0x1fff0c51    0x30  Code  Gb  MK60_flash.o [1]
flash_write             0x1fff0cd9    0x8e  Code  Gb  MK60_flash.o [1]
fputc                   0x00002381    0x14  Code  Gb  MK60_conf.o [1]
ftm_mod                 0x1fffa14c     0xc  Data  Lc  MK60_ftm.o [1]
ftm_pwm_duty            0x000068b5    0xe8  Code  Gb  MK60_ftm.o [1]
ftm_pwm_init            0x00006729   0x18c  Code  Gb  MK60_ftm.o [1]
ftm_quad_clean          0x00006acf    0x28  Code  Gb  MK60_ftm.o [1]
ftm_quad_get            0x00006aa3    0x2c  Code  Gb  MK60_ftm.o [1]
ftm_quad_init           0x0000699d   0x106  Code  Gb  MK60_ftm.o [1]
ftoa                    0x00005705    0xba  Code  Gb  ftoa.o [1]
gpio_ddr                0x000020f3    0x52  Code  Gb  MK60_gpio.o [1]
gpio_get                0x000021ef    0x3a  Code  Gb  MK60_gpio.o [1]
gpio_init               0x00002045    0xae  Code  Gb  MK60_gpio.o [1]
gpio_set                0x00002145    0x72  Code  Gb  MK60_gpio.o [1]
gpio_turn               0x000021b7    0x38  Code  Gb  MK60_gpio.o [1]
gyr_y                   0x1fff0e20     0x4  Data  Gb  Car_Control.o [1]
gyr_y_cali              0x1fff0e2c     0x4  Data  Gb  Car_Control.o [1]
image_binarized         0x1fff668c  0x3ac0  Data  Gb  main.o [1]
image_gray              0x1fff0e6c  0x5820  Data  Gb  main.o [1]
itoa                    0x0000569d    0x68  Code  Gb  ftoa.o [1]
key_check               0x000027f1    0x2a  Code  Gb  VCAN_key.o [1]
key_get                 0x000027d7    0x1a  Code  Gb  VCAN_key.o [1]
key_init                0x00002785    0x52  Code  Gb  VCAN_key.o [1]
led_init                0x00002481    0x3a  Code  Gb  VCAN_LED.o [1]
led_turn                0x000024bb    0x32  Code  Gb  VCAN_LED.o [1]
left_1                  0x1fffa1e1     0x1  Data  Gb  main.o [1]
left_2                  0x1fffa1e5     0x1  Data  Gb  main.o [1]
left_3                  0x1fffa1e9     0x1  Data  Gb  main.o [1]
left_4                  0x1fffa1ed     0x1  Data  Gb  main.o [1]
left_5                  0x1fffa1f1     0x1  Data  Gb  main.o [1]
left_51                 0x1fffa1f5     0x1  Data  Gb  main.o [1]
localeconv              0x00003cb3    0x16  Code  Gb  localeconv.o [3]
lptmr_delay_ms          0x000022e1    0x40  Code  Gb  MK60_lptmr.o [1]
main                    0x00003e61   0x7a6  Code  Gb  main.o [1]
mcg_cfg                 0x1fff0b44    0x44  Data  Gb  MK60_mcg.o [1]
mcg_div                 0x1fff0b88     0x4  Data  Gb  MK60_mcg.o [1]
mcg_div_count           0x00007c3d   0x2fa  Code  Gb  MK60_mcg.o [1]
memchr                  0x00003481          Code  Gb  memchr.o [5]
middle_line             0x1fffa1f8     0x1  Data  Gb  main.o [1]
mpu6050_buf             0x1fff0e08    0x10  Data  Gb  Car_Control.o [1]
mpu6050_init_cali       0x1fff0df8    0x10  Data  Gb  Car_Control.o [1]
obuf                    0x1fffa184    0x50  Data  Lc  xfiles.o [3]
ov7725_eagle_dma        0x00004b51    0x14  Code  Gb  VCAN_OV7725_Eagle.o [1]
ov7725_eagle_get_img    0x00004b65    0x42  Code  Gb  VCAN_OV7725_Eagle.o [1]
ov7725_eagle_img_buff   0x1fffa180     0x4  Data  Gb  VCAN_OV7725_Eagle.o [1]
ov7725_eagle_img_flag   0x1fff0bdc     0x1  Data  Gb  VCAN_OV7725_Eagle.o [1]
ov7725_eagle_init       0x00004a9d    0x14  Code  Gb  VCAN_OV7725_Eagle.o [1]
ov7725_eagle_port_init  0x00004ab1    0x54  Code  Lc  VCAN_OV7725_Eagle.o [1]
ov7725_eagle_reg_init   0x00004bd5    0x9c  Code  Lc  VCAN_OV7725_Eagle.o [1]
ov7725_eagle_vsync      0x00004b05    0x4c  Code  Gb  VCAN_OV7725_Eagle.o [1]
pit_init                0x000050d1    0x6c  Code  Gb  MK60_PIT.o [1]
pit_time_get            0x000051b7    0x64  Code  Gb  MK60_PIT.o [1]
pit_time_start          0x0000513d    0x7a  Code  Gb  MK60_PIT.o [1]
pll_init                0x00007f37    0xb2  Code  Gb  MK60_mcg.o [1]
port_init               0x00002231    0x44  Code  Gb  MK60_port.o [1]
port_init_NoALT         0x00002275    0x62  Code  Gb  MK60_port.o [1]
printf                  0x000024f1    0x24  Code  Gb  printf.o [3]
putchar                 0x000086b9     0xc  Code  Gb  putchar.o [3]
pwm_common              0x1fffa1d4     0x2  Data  Gb  Car_Control.o [1]
pwm_dir                 0x1fffa1d8     0x2  Data  Gb  Car_Control.o [1]
pwm_speed               0x1fffa1d6     0x2  Data  Gb  Car_Control.o [1]
right_1                 0x1fffa1e3     0x1  Data  Gb  main.o [1]
right_2                 0x1fffa1e7     0x1  Data  Gb  main.o [1]
right_3                 0x1fffa1eb     0x1  Data  Gb  main.o [1]
right_4                 0x1fffa1ef     0x1  Data  Gb  main.o [1]
right_5                 0x1fffa1f3     0x1  Data  Gb  main.o [1]
right_51                0x1fffa1f7     0x1  Data  Gb  main.o [1]
set_sys_dividers        0x1fff0d99    0x50  Code  Gb  MK60_mcg.o [1]
set_vector_handler      0x000050a3    0x22  Code  Gb  misc.o [1]
speed_average           0x1fff0e48     0x4  Data  Gb  Car_Control.o [1]
speed_left              0x1fff0e40     0x4  Data  Gb  Car_Control.o [1]
speed_right             0x1fff0e44     0x4  Data  Gb  Car_Control.o [1]
st7735s_dir             0x1fffa1fc     0x1  Data  Gb  VCAN_LCD_ST7735S.o [1]
st7735s_h               0x1fff0bd4     0x2  Data  Gb  VCAN_LCD_ST7735S.o [1]
st7735s_w               0x1fff0bd6     0x2  Data  Gb  VCAN_LCD_ST7735S.o [1]
start                   0x000081cd    0x22  Code  Gb  system_MK60DZ10.o [1]
start_check             0x00002395    0x9a  Code  Gb  MK60_conf.o [1]
strchr                  0x00003431          Code  Gb  strchr.o [5]
strlen                  0x00003449          Code  Gb  strlen.o [5]
sysinit                 0x000081ef    0x3c  Code  Gb  system_MK60DZ10.o [1]
uart_init               0x00002515   0x218  Code  Gb  MK60_uart.o [1]
uart_putbuff            0x00002747    0x24  Code  Gb  MK60_uart.o [1]
uart_putchar            0x0000272d    0x1a  Code  Gb  MK60_uart.o [1]
vector_str              0x1fff041c   0x708  Data  Gb  MK60_conf.o [1]
wdog_disable            0x000082fd    0x16  Code  Gb  MK60_wdog.o [1]
wdog_unlock             0x00008313    0x20  Code  Lc  MK60_wdog.o [1]
write_vtor              0x00005081    0x22  Code  Gb  misc.o [1]


[1] = C:\Users\SunHang\Desktop\直立程序 - 封装后 - 综合 - 斜率判断方案\Prj\IAR\DZ10_Debug\Obj
[2] = command line
[3] = dl7M_tlf.a
[4] = m7M_tl.a
[5] = rt7M_tl.a

  28 562 bytes of readonly  code memory
     456 bytes of readwrite code memory
   6 136 bytes of readonly  data memory
  40 109 bytes of readwrite data memory

Errors: none
Warnings: none
