###############################################################################
#
# IAR ELF Linker V7.20.2.7424/W32 for ARM                 21/Mar/2017  16:23:21
# Copyright 2007-2014 IAR Systems AB.
#
#    Output file  =  
#        F:\K60\workspace\直立程序 - 封装后 - 综合 -
#        斜率判断方案\Prj\IAR\DZ10_Debug\Exe\vcan_Kinetis.out
#    Map file     =  
#        F:\K60\workspace\直立程序 - 封装后 - 综合 -
#        斜率判断方案\Prj\IAR\DZ10_Debug\List\vcan_Kinetis.map
#    Command line =  
#        "F:\K60\workspace\直立程序 - 封装后 - 综合 -
#        斜率判断方案\Prj\IAR\DZ10_Debug\Obj\Car_Control.o"
#        "F:\K60\workspace\直立程序 - 封装后 - 综合 -
#        斜率判断方案\Prj\IAR\DZ10_Debug\Obj\ctr_motor.o"
#        "F:\K60\workspace\直立程序 - 封装后 - 综合 -
#        斜率判断方案\Prj\IAR\DZ10_Debug\Obj\diskio.o"
#        "F:\K60\workspace\直立程序 - 封装后 - 综合 -
#        斜率判断方案\Prj\IAR\DZ10_Debug\Obj\encoder.o"
#        "F:\K60\workspace\直立程序 - 封装后 - 综合 -
#        斜率判断方案\Prj\IAR\DZ10_Debug\Obj\ff.o" "F:\K60\workspace\直立程序 -
#        封装后 - 综合 - 斜率判断方案\Prj\IAR\DZ10_Debug\Obj\ftoa.o"
#        "F:\K60\workspace\直立程序 - 封装后 - 综合 -
#        斜率判断方案\Prj\IAR\DZ10_Debug\Obj\image_processing.o"
#        "F:\K60\workspace\直立程序 - 封装后 - 综合 -
#        斜率判断方案\Prj\IAR\DZ10_Debug\Obj\main.o" "F:\K60\workspace\直立程序
#        - 封装后 - 综合 - 斜率判断方案\Prj\IAR\DZ10_Debug\Obj\misc.o"
#        "F:\K60\workspace\直立程序 - 封装后 - 综合 -
#        斜率判断方案\Prj\IAR\DZ10_Debug\Obj\MK60_adc.o"
#        "F:\K60\workspace\直立程序 - 封装后 - 综合 -
#        斜率判断方案\Prj\IAR\DZ10_Debug\Obj\MK60_can.o"
#        "F:\K60\workspace\直立程序 - 封装后 - 综合 -
#        斜率判断方案\Prj\IAR\DZ10_Debug\Obj\MK60_conf.o"
#        "F:\K60\workspace\直立程序 - 封装后 - 综合 -
#        斜率判断方案\Prj\IAR\DZ10_Debug\Obj\MK60_dac.o"
#        "F:\K60\workspace\直立程序 - 封装后 - 综合 -
#        斜率判断方案\Prj\IAR\DZ10_Debug\Obj\MK60_dma.o"
#        "F:\K60\workspace\直立程序 - 封装后 - 综合 -
#        斜率判断方案\Prj\IAR\DZ10_Debug\Obj\MK60_DWT.o"
#        "F:\K60\workspace\直立程序 - 封装后 - 综合 -
#        斜率判断方案\Prj\IAR\DZ10_Debug\Obj\MK60_flash.o"
#        "F:\K60\workspace\直立程序 - 封装后 - 综合 -
#        斜率判断方案\Prj\IAR\DZ10_Debug\Obj\MK60_flexbus.o"
#        "F:\K60\workspace\直立程序 - 封装后 - 综合 -
#        斜率判断方案\Prj\IAR\DZ10_Debug\Obj\MK60_ftm.o"
#        "F:\K60\workspace\直立程序 - 封装后 - 综合 -
#        斜率判断方案\Prj\IAR\DZ10_Debug\Obj\MK60_gpio.o"
#        "F:\K60\workspace\直立程序 - 封装后 - 综合 -
#        斜率判断方案\Prj\IAR\DZ10_Debug\Obj\MK60_i2c.o"
#        "F:\K60\workspace\直立程序 - 封装后 - 综合 -
#        斜率判断方案\Prj\IAR\DZ10_Debug\Obj\MK60_it.o"
#        "F:\K60\workspace\直立程序 - 封装后 - 综合 -
#        斜率判断方案\Prj\IAR\DZ10_Debug\Obj\MK60_lptmr.o"
#        "F:\K60\workspace\直立程序 - 封装后 - 综合 -
#        斜率判断方案\Prj\IAR\DZ10_Debug\Obj\MK60_mcg.o"
#        "F:\K60\workspace\直立程序 - 封装后 - 综合 -
#        斜率判断方案\Prj\IAR\DZ10_Debug\Obj\MK60_PIT.o"
#        "F:\K60\workspace\直立程序 - 封装后 - 综合 -
#        斜率判断方案\Prj\IAR\DZ10_Debug\Obj\MK60_port.o"
#        "F:\K60\workspace\直立程序 - 封装后 - 综合 -
#        斜率判断方案\Prj\IAR\DZ10_Debug\Obj\MK60_rtc.o"
#        "F:\K60\workspace\直立程序 - 封装后 - 综合 -
#        斜率判断方案\Prj\IAR\DZ10_Debug\Obj\MK60_sdhc.o"
#        "F:\K60\workspace\直立程序 - 封装后 - 综合 -
#        斜率判断方案\Prj\IAR\DZ10_Debug\Obj\MK60_spi.o"
#        "F:\K60\workspace\直立程序 - 封装后 - 综合 -
#        斜率判断方案\Prj\IAR\DZ10_Debug\Obj\MK60_SysTick.o"
#        "F:\K60\workspace\直立程序 - 封装后 - 综合 -
#        斜率判断方案\Prj\IAR\DZ10_Debug\Obj\MK60_uart.o"
#        "F:\K60\workspace\直立程序 - 封装后 - 综合 -
#        斜率判断方案\Prj\IAR\DZ10_Debug\Obj\MK60_usb.o"
#        "F:\K60\workspace\直立程序 - 封装后 - 综合 -
#        斜率判断方案\Prj\IAR\DZ10_Debug\Obj\MK60_wdog.o"
#        "F:\K60\workspace\直立程序 - 封装后 - 综合 -
#        斜率判断方案\Prj\IAR\DZ10_Debug\Obj\mpu6050.o"
#        "F:\K60\workspace\直立程序 - 封装后 - 综合 -
#        斜率判断方案\Prj\IAR\DZ10_Debug\Obj\pid.o" "F:\K60\workspace\直立程序
#        - 封装后 - 综合 -
#        斜率判断方案\Prj\IAR\DZ10_Debug\Obj\startup_MK60DZ10.o"
#        "F:\K60\workspace\直立程序 - 封装后 - 综合 -
#        斜率判断方案\Prj\IAR\DZ10_Debug\Obj\system_MK60DZ10.o"
#        "F:\K60\workspace\直立程序 - 封装后 - 综合 -
#        斜率判断方案\Prj\IAR\DZ10_Debug\Obj\USB.o" "F:\K60\workspace\直立程序
#        - 封装后 - 综合 - 斜率判断方案\Prj\IAR\DZ10_Debug\Obj\USB_CDC.o"
#        "F:\K60\workspace\直立程序 - 封装后 - 综合 -
#        斜率判断方案\Prj\IAR\DZ10_Debug\Obj\VCAN_ASCII.o"
#        "F:\K60\workspace\直立程序 - 封装后 - 综合 -
#        斜率判断方案\Prj\IAR\DZ10_Debug\Obj\VCAN_BMP.o"
#        "F:\K60\workspace\直立程序 - 封装后 - 综合 -
#        斜率判断方案\Prj\IAR\DZ10_Debug\Obj\VCAN_camera.o"
#        "F:\K60\workspace\直立程序 - 封装后 - 综合 -
#        斜率判断方案\Prj\IAR\DZ10_Debug\Obj\VCAN_computer.o"
#        "F:\K60\workspace\直立程序 - 封装后 - 综合 -
#        斜率判断方案\Prj\IAR\DZ10_Debug\Obj\vcan_img2sd.o"
#        "F:\K60\workspace\直立程序 - 封装后 - 综合 -
#        斜率判断方案\Prj\IAR\DZ10_Debug\Obj\VCAN_key.o"
#        "F:\K60\workspace\直立程序 - 封装后 - 综合 -
#        斜率判断方案\Prj\IAR\DZ10_Debug\Obj\VCAN_key_event.o"
#        "F:\K60\workspace\直立程序 - 封装后 - 综合 -
#        斜率判断方案\Prj\IAR\DZ10_Debug\Obj\VCAN_LCD.o"
#        "F:\K60\workspace\直立程序 - 封装后 - 综合 -
#        斜率判断方案\Prj\IAR\DZ10_Debug\Obj\VCAN_LCD_CH.o"
#        "F:\K60\workspace\直立程序 - 封装后 - 综合 -
#        斜率判断方案\Prj\IAR\DZ10_Debug\Obj\VCAN_LCD_ILI9341.o"
#        "F:\K60\workspace\直立程序 - 封装后 - 综合 -
#        斜率判断方案\Prj\IAR\DZ10_Debug\Obj\VCAN_LCD_ST7735R.o"
#        "F:\K60\workspace\直立程序 - 封装后 - 综合 -
#        斜率判断方案\Prj\IAR\DZ10_Debug\Obj\VCAN_LCD_ST7735S.o"
#        "F:\K60\workspace\直立程序 - 封装后 - 综合 -
#        斜率判断方案\Prj\IAR\DZ10_Debug\Obj\VCAN_LED.o"
#        "F:\K60\workspace\直立程序 - 封装后 - 综合 -
#        斜率判断方案\Prj\IAR\DZ10_Debug\Obj\VCAN_MMA7455.o"
#        "F:\K60\workspace\直立程序 - 封装后 - 综合 -
#        斜率判断方案\Prj\IAR\DZ10_Debug\Obj\VCAN_NRF24L0.o"
#        "F:\K60\workspace\直立程序 - 封装后 - 综合 -
#        斜率判断方案\Prj\IAR\DZ10_Debug\Obj\VCAN_NRF24L0_MSG.o"
#        "F:\K60\workspace\直立程序 - 封装后 - 综合 -
#        斜率判断方案\Prj\IAR\DZ10_Debug\Obj\VCAN_OV7725_Eagle.o"
#        "F:\K60\workspace\直立程序 - 封装后 - 综合 -
#        斜率判断方案\Prj\IAR\DZ10_Debug\Obj\VCAN_OV7725_Wolf.o"
#        "F:\K60\workspace\直立程序 - 封装后 - 综合 -
#        斜率判断方案\Prj\IAR\DZ10_Debug\Obj\VCAN_RTC_count.o"
#        "F:\K60\workspace\直立程序 - 封装后 - 综合 -
#        斜率判断方案\Prj\IAR\DZ10_Debug\Obj\VCAN_SCCB.o"
#        "F:\K60\workspace\直立程序 - 封装后 - 综合 -
#        斜率判断方案\Prj\IAR\DZ10_Debug\Obj\vcan_sd_app.o"
#        "F:\K60\workspace\直立程序 - 封装后 - 综合 -
#        斜率判断方案\Prj\IAR\DZ10_Debug\Obj\Vcan_touch.o"
#        "F:\K60\workspace\直立程序 - 封装后 - 综合 -
#        斜率判断方案\Prj\IAR\DZ10_Debug\Obj\VCAN_TSL1401.o"
#        "F:\K60\workspace\直立程序 - 封装后 - 综合 -
#        斜率判断方案\Prj\IAR\DZ10_Debug\Obj\VCAN_UI_VAR.o"
#        "F:\K60\workspace\直立程序 - 封装后 - 综合 -
#        斜率判断方案\Prj\IAR\DZ10_Debug\Obj\vectors.o" --redirect
#        _Printf=_PrintfLargeNoMb --redirect _Scanf=_ScanfLargeNoMb -o
#        "F:\K60\workspace\直立程序 - 封装后 - 综合 -
#        斜率判断方案\Prj\IAR\DZ10_Debug\Exe\vcan_Kinetis.out" --map
#        "F:\K60\workspace\直立程序 - 封装后 - 综合 -
#        斜率判断方案\Prj\IAR\DZ10_Debug\List\vcan_Kinetis.map" --config
#        "F:\K60\workspace\直立程序 - 封装后 - 综合 -
#        斜率判断方案\Prj\IAR\config files\vcan_ROM_K60N512.icf"
#        "F:\K60\workspace\直立程序 - 封装后 - 综合 -
#        斜率判断方案\Prj\IAR\..\..\Lib\CMSIS\iar_cortexM4l_math.a" --entry
#        __iar_program_start --vfe
#
###############################################################################

*******************************************************************************
*** RUNTIME MODEL ATTRIBUTES
***

CppFlavor       = *
__SystemLibrary = DLib


*******************************************************************************
*** PLACEMENT SUMMARY
***

"A1":  place at 0x00000000 { ro section .intvec };
"A2":  place at 0x00000410 { ro section .noinit };
"P1":  place in [from 0x00000000 to 0x00080000] { ro, block CodeRelocate };
"P2":  place in [from 0x1fff0410 to 0x20010000] {
          rw, block CodeRelocateRam, block CSTACK, block HEAP };

  Section              Kind        Address    Size  Object
  -------              ----        -------    ----  ------
"A1":                                        0x410
  .intvec              const    0x00000000   0x410  vectors.o [1]
                              - 0x00000410   0x410

"P1", part 1 of 2:                             0x0
  .rodata              const    0x00000410     0x0  zero_init3.o [5]

"A2":                                          0x8
  .noinit              ro code  0x00000410     0x8  startup_MK60DZ10.o [1]
                              - 0x00000418     0x8

"P1", part 2 of 2:                          0x891c
  .text                ro code  0x00000418  0x1c2c  VCAN_LCD_ST7735S.o [1]
  .text                ro code  0x00002044   0x1f4  MK60_gpio.o [1]
  .text                ro code  0x00002238    0xb0  MK60_port.o [1]
  .text                ro code  0x000022e8    0x50  MK60_lptmr.o [1]
  Veneer               ro code  0x00002338     0x8  - Linker created -
  Veneer               ro code  0x00002340     0x8  - Linker created -
  .text                ro code  0x00002348   0x140  MK60_conf.o [1]
  .text                ro code  0x00002488    0x70  VCAN_LED.o [1]
  .text                ro code  0x000024f8    0x24  printf.o [3]
  .text                ro code  0x0000251c   0x26c  MK60_uart.o [1]
  .text                ro code  0x00002788    0x9c  VCAN_key.o [1]
  .text                ro code  0x00002824   0xbee  xprintflarge_nomb.o [3]
  .text                ro code  0x00003412    0x22  zero_init3.o [5]
  .text                ro code  0x00003434    0x16  strchr.o [5]
  .text                ro code  0x0000344c    0x36  strlen.o [5]
  .text                ro code  0x00003484    0x58  memchr.o [5]
  .text                ro code  0x000034dc    0xee  I64DivMod.o [5]
  .text                ro code  0x000035cc    0x76  ABImemcpy_unaligned.o [5]
  .text                ro code  0x00003642    0x42  xdnorm.o [4]
  .text                ro code  0x00003684    0x2e  DblCmpLe.o [4]
  .text                ro code  0x000036b4   0x1a2  DblMul.o [4]
  .text                ro code  0x00003858   0x246  DblDiv.o [4]
  .text                ro code  0x00003aa0    0x58  DblToI32.o [4]
  .text                ro code  0x00003af8    0x30  I32ToDbl.o [4]
  .text                ro code  0x00003b28   0x180  DblSub.o [4]
  .text                ro code  0x00003ca8    0x6c  localeconv.o [3]
  .text                ro code  0x00003d14     0xe  div.o [3]
  .text                ro code  0x00003d24     0x2  I64DivZer.o [5]
  .text                ro code  0x00003d28    0xe8  DblAdd.o [4]
  .text                ro code  0x00003e10     0x2  xtls.o [3]
  .text                ro code  0x00003e14   0xab4  main.o [1]
  .text                ro code  0x000048c8   0x520  VCAN_LCD.o [1]
  .text                ro code  0x00004de8   0x1fc  VCAN_OV7725_Eagle.o [1]
  .text                ro code  0x00004fe4   0x3fc  Car_Control.o [1]
  .text                ro code  0x000053e0    0x50  misc.o [1]
  .text                ro code  0x00005430   0x15c  MK60_PIT.o [1]
  .text                ro code  0x0000558c   0x3d0  image_processing.o [1]
  .text                ro code  0x0000595c    0x24  FltCmpGe.o [4]
  .text                ro code  0x00005980    0x24  FltCmpLe.o [4]
  .text                ro code  0x000059a4   0x124  ctr_motor.o [1]
  .text                ro code  0x00005ac8   0x138  ftoa.o [1]
  .text                ro code  0x00005c00    0x44  FltToS32.o [4]
  .text                ro code  0x00005c44    0x32  I32ToFlt.o [4]
  .text                ro code  0x00005c78    0x4e  FltToDbl.o [4]
  .text                ro code  0x00005cc8   0x284  MK60_dma.o [1]
  .text                ro code  0x00005f4c    0x34  encoder.o [1]
  .text                ro code  0x00005f80   0x3c4  mpu6050.o [1]
  .text                ro code  0x00006344    0x90  DblToFlt.o [4]
  .text                ro code  0x000063d4    0xcc  atan2.o [4]
  .text                ro code  0x000064a0    0x84  FltAdd.o [4]
  .text                ro code  0x00006524    0xfc  FltDiv.o [4]
  .text                ro code  0x00006620    0xe6  FltSub.o [4]
  .text                ro code  0x00006708    0xd8  FltMul.o [4]
  .text                ro code  0x000067e0   0x224  pid.o [1]
  .text                ro code  0x00006a04    0x94  atan.o [4]
  .text                ro code  0x00006a98   0x504  MK60_ftm.o [1]
  .text                ro code  0x00006f9c    0x44  strcpy_unaligned.o [5]
  .text                ro code  0x00006fe0     0x6  ABImemclr4.o [5]
  .text                ro code  0x00006fe6    0x32  xdtest.o [4]
  .text                ro code  0x00007018   0x1e0  xatan.o [4]
  .text                ro code  0x000071f8    0x2e  DblCmpGe.o [4]
  .text                ro code  0x00007228    0x32  ABImemset48.o [5]
  .data_init                    0x0000725c   0x814  <Block>
    Initializer bytes  ro data  0x0000725c   0x814  <for .data-1>
  .rodata              const    0x00007a70   0x600  VCAN_ASCII.o [1]
  Veneer               ro code  0x00008070     0x8  - Linker created -
  .text                ro code  0x00008078   0x3c8  MK60_mcg.o [1]
  CodeRelocate                  0x00008440   0x1c8  <Block>
    Initializer bytes  ro data  0x00008440   0x1c8  <for CodeRelocateRam-1>
  .text                ro code  0x00008608   0x130  system_MK60DZ10.o [1]
  .text                ro code  0x00008738    0x40  MK60_wdog.o [1]
  .rodata              const    0x00008778    0x7c  VCAN_LCD_ST7735S.o [1]
  .rodata              const    0x000087f4    0x78  MK60_flash.o [1]
  .rodata              const    0x0000886c    0x74  MK60_dma.o [1]
  .rodata              const    0x000088e0    0x74  MK60_ftm.o [1]
  .rodata              const    0x00008954    0x74  MK60_gpio.o [1]
  .rodata              const    0x000089c8    0x74  MK60_PIT.o [1]
  .rodata              const    0x00008a3c    0x74  MK60_uart.o [1]
  .rodata              const    0x00008ab0    0x70  misc.o [1]
  .rodata              const    0x00008b20    0x3c  MK60_conf.o [1]
  .text                ro code  0x00008b5c    0x28  data_init.o [5]
  .rodata              const    0x00008b84    0x24  MK60_conf.o [1]
  .iar.init_table      const    0x00008ba8    0x10  - Linker created -
  .rodata              const    0x00008bb8    0x20  MK60_conf.o [1]
  .text                ro code  0x00008bd8    0x1a  cmain.o [5]
  .text                ro code  0x00008bf2     0x4  low_level_init.o [3]
  .text                ro code  0x00008bf6     0x4  exit.o [3]
  .text                ro code  0x00008bfc     0xa  cexit.o [5]
  .text                ro code  0x00008c08     0xc  XXexit.o [5]
  .rodata              const    0x00008c14    0x18  main.o [1]
  .rodata              const    0x00008c2c    0x18  main.o [1]
  .text                ro code  0x00008c44    0x16  xprout.o [3]
  .text                ro code  0x00008c5c     0xc  putchar.o [3]
  .rodata              const    0x00008c68    0x14  MK60_conf.o [1]
  .rodata              const    0x00008c7c    0x10  main.o [1]
  .text                ro code  0x00008c8c     0xc  cstartup_M.o [5]
  .rodata              const    0x00008c98     0x4  main.o [1]
  .rodata              const    0x00008c9c     0x4  main.o [1]
  .rodata              const    0x00008ca0     0x4  VCAN_LCD.o [1]
  .rodata              const    0x00008ca4     0x4  VCAN_LCD.o [1]
  .rodata              const    0x00008ca8     0x4  VCAN_LCD.o [1]
  Initializer bytes    ro data  0x00008cac    0x88  <for P2 s0>
                              - 0x00008d34  0x891c

"P2":                                       0x9e78
  .data                         0x1fff0410   0x814  <Block>
    .data-1                     0x1fff0410   0x814  <Init block>
      .data            inited   0x1fff0410     0x1  image_processing.o [1]
      .data            inited   0x1fff0412     0x2  main.o [1]
      .data            inited   0x1fff0414     0x2  main.o [1]
      .data            inited   0x1fff0416     0x2  main.o [1]
      .data            inited   0x1fff0418     0x2  main.o [1]
      .data            inited   0x1fff041c   0x708  MK60_conf.o [1]
      .data            inited   0x1fff0b24     0xc  MK60_ftm.o [1]
      .data            inited   0x1fff0b30    0x14  MK60_gpio.o [1]
      .data            inited   0x1fff0b44    0x44  MK60_mcg.o [1]
      .data            inited   0x1fff0b88     0x4  MK60_mcg.o [1]
      .data            inited   0x1fff0b8c    0x14  MK60_port.o [1]
      .data            inited   0x1fff0ba0    0x18  MK60_uart.o [1]
      .data            inited   0x1fff0bb8     0x4  pid.o [1]
      .data            inited   0x1fff0bbc     0x4  pid.o [1]
      .data            inited   0x1fff0bc0     0x4  pid.o [1]
      .data            inited   0x1fff0bc4     0x4  pid.o [1]
      .data            inited   0x1fff0bc8     0x4  pid.o [1]
      .data            inited   0x1fff0bcc     0x4  pid.o [1]
      .data            inited   0x1fff0bd0     0x8  VCAN_key.o [1]
      .data            inited   0x1fff0bd8     0x2  VCAN_LCD_ST7735S.o [1]
      .data            inited   0x1fff0bda     0x2  VCAN_LCD_ST7735S.o [1]
      .data            inited   0x1fff0bdc     0x4  VCAN_LED.o [1]
      .data            inited   0x1fff0be0     0x1  VCAN_OV7725_Eagle.o [1]
      .data            inited   0x1fff0be4    0x40  xfiles.o [3]
  CodeRelocateRam               0x1fff0c24   0x1c8  <Block>
    CodeRelocateRam-1           0x1fff0c24   0x1c8  <Init block>
      Veneer           inited   0x1fff0c24     0x8  - Linker created -
      Veneer           inited   0x1fff0c2c     0x8  - Linker created -
      .textrw          inited   0x1fff0c34   0x168  MK60_flash.o [1]
      .textrw          inited   0x1fff0d9c    0x50  MK60_mcg.o [1]
  .bss                          0x1fff0df0  0x9410  <Block>
    .bss               zero     0x1fff0df0     0x8  Car_Control.o [1]
    .bss               zero     0x1fff0df8     0x8  Car_Control.o [1]
    .bss               zero     0x1fff0e00    0x10  Car_Control.o [1]
    .bss               zero     0x1fff0e10    0x10  Car_Control.o [1]
    .bss               zero     0x1fff0e20     0x4  Car_Control.o [1]
    .bss               zero     0x1fff0e24     0x4  Car_Control.o [1]
    .bss               zero     0x1fff0e28     0x4  Car_Control.o [1]
    .bss               zero     0x1fff0e2c     0x4  Car_Control.o [1]
    .bss               zero     0x1fff0e30     0x4  Car_Control.o [1]
    .bss               zero     0x1fff0e34     0x4  Car_Control.o [1]
    .bss               zero     0x1fff0e38     0x4  Car_Control.o [1]
    .bss               zero     0x1fff0e3c     0x4  Car_Control.o [1]
    .bss               zero     0x1fff0e40     0x4  Car_Control.o [1]
    .bss               zero     0x1fff0e44     0x4  Car_Control.o [1]
    .bss               zero     0x1fff0e48     0x4  Car_Control.o [1]
    .bss               zero     0x1fff0e4c     0x4  Car_Control.o [1]
    .bss               zero     0x1fff0e50     0x4  Car_Control.o [1]
    .bss               zero     0x1fff0e54     0x4  Car_Control.o [1]
    .bss               zero     0x1fff0e58    0x10  ftoa.o [1]
    .bss               zero     0x1fff0e68    0x10  ftoa.o [1]
    .bss               zero     0x1fff0e78  0x5820  main.o [1]
    .bss               zero     0x1fff6698  0x3ac0  main.o [1]
    .bss               zero     0x1fffa158     0xc  MK60_ftm.o [1]
    .bss               zero     0x1fffa164     0x4  pid.o [1]
    .bss               zero     0x1fffa168     0x4  pid.o [1]
    .bss               zero     0x1fffa16c     0x4  pid.o [1]
    .bss               zero     0x1fffa170     0x4  pid.o [1]
    .bss               zero     0x1fffa174     0x4  pid.o [1]
    .bss               zero     0x1fffa178     0x4  pid.o [1]
    .bss               zero     0x1fffa17c     0x4  system_MK60DZ10.o [1]
    .bss               zero     0x1fffa180     0x4  system_MK60DZ10.o [1]
    .bss               zero     0x1fffa184     0x4  system_MK60DZ10.o [1]
    .bss               zero     0x1fffa188     0x4  VCAN_OV7725_Eagle.o [1]
    .bss               zero     0x1fffa18c    0x50  xfiles.o [3]
    .bss               zero     0x1fffa1dc     0x2  Car_Control.o [1]
    .bss               zero     0x1fffa1de     0x2  Car_Control.o [1]
    .bss               zero     0x1fffa1e0     0x2  pid.o [1]
    .bss               zero     0x1fffa1e2     0x2  pid.o [1]
    .bss               zero     0x1fffa1e4     0x1  Car_Control.o [1]
    .bss               zero     0x1fffa1e5     0x1  Car_Control.o [1]
    .bss               zero     0x1fffa1e6     0x1  main.o [1]
    .bss               zero     0x1fffa1e7     0x1  main.o [1]
    .bss               zero     0x1fffa1e8     0x1  main.o [1]
    .bss               zero     0x1fffa1e9     0x1  main.o [1]
    .bss               zero     0x1fffa1ea     0x1  main.o [1]
    .bss               zero     0x1fffa1eb     0x1  main.o [1]
    .bss               zero     0x1fffa1ec     0x1  main.o [1]
    .bss               zero     0x1fffa1ed     0x1  main.o [1]
    .bss               zero     0x1fffa1ee     0x1  main.o [1]
    .bss               zero     0x1fffa1ef     0x1  main.o [1]
    .bss               zero     0x1fffa1f0     0x1  main.o [1]
    .bss               zero     0x1fffa1f1     0x1  main.o [1]
    .bss               zero     0x1fffa1f2     0x1  main.o [1]
    .bss               zero     0x1fffa1f3     0x1  main.o [1]
    .bss               zero     0x1fffa1f4     0x1  main.o [1]
    .bss               zero     0x1fffa1f5     0x1  main.o [1]
    .bss               zero     0x1fffa1f6     0x1  main.o [1]
    .bss               zero     0x1fffa1f7     0x1  main.o [1]
    .bss               zero     0x1fffa1f8     0x1  main.o [1]
    .bss               zero     0x1fffa1f9     0x1  main.o [1]
    .bss               zero     0x1fffa1fa     0x1  main.o [1]
    .bss               zero     0x1fffa1fb     0x1  main.o [1]
    .bss               zero     0x1fffa1fc     0x1  main.o [1]
    .bss               zero     0x1fffa1fd     0x1  main.o [1]
    .bss               zero     0x1fffa1fe     0x1  main.o [1]
    .bss               zero     0x1fffa1ff     0x1  VCAN_LCD_ST7735S.o [1]
  P2 s0                         0x1fffa200    0x88  <Init block>
    __DLIB_PERTHREAD   inited   0x1fffa200    0x88  localeconv.o [3]
                              - 0x1fffa288  0x9e78


*******************************************************************************
*** INIT TABLE
***

          Address     Size
          -------     ----
Zero (__iar_zero_init3)
    1 destination range, total size 0x9410:
          0x1fff0df0  0x9410



*******************************************************************************
*** MODULE SUMMARY
***

    Module                 ro code  rw code  ro data  rw data
    ------                 -------  -------  -------  -------
F:\K60\workspace\直立程序 - 封装后 - 综合 - 斜率判断方案\Prj\IAR\DZ10_Debug\Obj: [1]
    Car_Control.o            1 020                        110
    MK60_PIT.o                 348               116
    MK60_conf.o                320             1 950    1 800
    MK60_dma.o                 644               116
    MK60_flash.o                        360      480
    MK60_ftm.o               1 284               128       24
    MK60_gpio.o                500               136       20
    MK60_lptmr.o                80
    MK60_mcg.o                 968       80      152       72
    MK60_port.o                176                20       20
    MK60_uart.o                620               140       24
    MK60_wdog.o                 64
    VCAN_ASCII.o                               1 536
    VCAN_LCD.o               1 312                12
    VCAN_LCD_ST7735S.o       7 212               128        5
    VCAN_LED.o                 112                 4        4
    VCAN_OV7725_Eagle.o        508                 1        5
    VCAN_key.o                 156                 8        8
    ctr_motor.o                292
    encoder.o                   52
    ftoa.o                     312                         32
    image_processing.o         976                 1        1
    main.o                   2 740                81   37 633
    misc.o                      80               112
    mpu6050.o                  964
    pid.o                      548                24       52
    startup_MK60DZ10.o           8
    system_MK60DZ10.o          304                         12
    vectors.o                                  1 040
    ---------------------------------------------------------
    Total:                  21 600      440    6 185   39 822

command line: [2]
    ---------------------------------------------------------
    Total:

dl7M_tlf.a: [3]
    div.o                       14
    exit.o                       4
    localeconv.o               108               136      136
    low_level_init.o             4
    printf.o                    36
    putchar.o                   12
    xfiles.o                                      67      144
    xprintflarge_nomb.o      3 054
    xprout.o                    22
    xtls.o                       2
    ---------------------------------------------------------
    Total:                   3 256               203      280

m7M_tl.a: [4]
    DblAdd.o                   232
    DblCmpGe.o                  46
    DblCmpLe.o                  46
    DblDiv.o                   582
    DblMul.o                   418
    DblSub.o                   384
    DblToFlt.o                 144
    DblToI32.o                  88
    FltAdd.o                   132
    FltCmpGe.o                  36
    FltCmpLe.o                  36
    FltDiv.o                   252
    FltMul.o                   216
    FltSub.o                   230
    FltToDbl.o                  78
    FltToS32.o                  68
    I32ToDbl.o                  48
    I32ToFlt.o                  50
    atan.o                     148
    atan2.o                    204
    xatan.o                    480
    xdnorm.o                    66
    xdtest.o                    50
    ---------------------------------------------------------
    Total:                   4 034

rt7M_tl.a: [5]
    ABImemclr4.o                 6
    ABImemcpy_unaligned.o      118
    ABImemset48.o               50
    I64DivMod.o                238
    I64DivZer.o                  2
    XXexit.o                    12
    cexit.o                     10
    cmain.o                     26
    cstartup_M.o                12
    data_init.o                 40
    memchr.o                    88
    strchr.o                    22
    strcpy_unaligned.o          68
    strlen.o                    54
    zero_init3.o                34
    ---------------------------------------------------------
    Total:                     780

    Gaps                        32                          6
    Linker created              24       16       32
-------------------------------------------------------------
    Grand Total:            29 726      456    6 420   40 108


*******************************************************************************
*** ENTRY LIST
***

Entry                      Address    Size  Type      Object
-----                      -------    ----  ----      ------
.bss$$Base              0x1fff0df0           --   Gb  - Linker created -
.bss$$Limit             0x1fffa200           --   Gb  - Linker created -
.data$$Base             0x1fff0410           --   Gb  - Linker created -
.data$$Limit            0x1fff0c24           --   Gb  - Linker created -
.data_init$$Base        0x0000725c           --   Gb  - Linker created -
.data_init$$Limit       0x00007a70           --   Gb  - Linker created -
?main                   0x00008bd9          Code  Gb  cmain.o [5]
ASSERT_FAILED_STR       0x00008b84    0x24  Data  Gb  MK60_conf.o [1]
Angle_PID               0x000067e1    0x84  Code  Gb  pid.o [1]
Calculate_Angle         0x00005897    0xb2  Code  Gb  image_processing.o [1]
Car_Control             0x000050cd   0x286  Code  Gb  Car_Control.o [1]
Car_Control_Init        0x00004fe5    0xe8  Code  Gb  Car_Control.o [1]
ChouQu_ErZhi            0x00005789    0x4c  Code  Gb  image_processing.o [1]
CodeRelocate$$Base      0x00008440           --   Gb  - Linker created -
CodeRelocate$$Limit     0x00008608           --   Gb  - Linker created -
CodeRelocateRam$$Base   0x1fff0c24           --   Gb  - Linker created -
CodeRelocateRam$$Limit  0x1fff0dec           --   Gb  - Linker created -
Configure_MPU6050       0x00006141    0x22  Code  Gb  mpu6050.o [1]
Ctr_Motor_L             0x000059e1    0x74  Code  Gb  ctr_motor.o [1]
Ctr_Motor_R             0x00005a55    0x70  Code  Gb  ctr_motor.o [1]
DMA0_IRQHandler         0x000048c1     0x8  Code  Gb  main.o [1]
Dir_PID                 0x0000692b    0x88  Code  Gb  pid.o [1]
EncoderCounter_L        0x1fff0df0     0x8  Data  Gb  Car_Control.o [1]
EncoderCounter_R        0x1fff0df8     0x8  Data  Gb  Car_Control.o [1]
Encoder_Clear           0x00005f71    0x10  Code  Gb  encoder.o [1]
Encoder_Init            0x00005f4d    0x10  Code  Gb  encoder.o [1]
FLAG                    0x1fffa1fc     0x1  Data  Gb  main.o [1]
FTMN                    0x1fff0b24     0xc  Data  Gb  MK60_ftm.o [1]
FTM_port_mux            0x00006a99   0x118  Code  Lc  MK60_ftm.o [1]
GPIOX                   0x1fff0b30    0x14  Data  Gb  MK60_gpio.o [1]
GetData_MPU6050         0x00006163    0xf6  Code  Gb  mpu6050.o [1]
Get_Encoder_Left        0x00005f5d     0xa  Code  Gb  encoder.o [1]
Get_Encoder_Right       0x00005f67     0xa  Code  Gb  encoder.o [1]
I2C_Init                0x00005f81    0x18  Code  Gb  mpu6050.o [1]
I2C_ReceiveByte_Ack     0x00006049    0x6c  Code  Gb  mpu6050.o [1]
I2C_ReceiveByte_NoAck   0x000060b5    0x6c  Code  Gb  mpu6050.o [1]
I2C_SendByte            0x00005fc1    0x86  Code  Gb  mpu6050.o [1]
I2C_Start               0x00005f99    0x28  Code  Gb  mpu6050.o [1]
I2C_Stop                0x00006121    0x20  Code  Gb  mpu6050.o [1]
Init_Control_Motor      0x000059a5    0x3c  Code  Gb  ctr_motor.o [1]
Init_and_Cali_MPU6050   0x00006259    0xec  Code  Gb  mpu6050.o [1]
KEY_PTxn                0x1fff0bd0     0x8  Data  Gb  VCAN_key.o [1]
Kd_an                   0x1fff0bbc     0x4  Data  Gb  pid.o [1]
Kd_dir                  0x1fff0bcc     0x4  Data  Gb  pid.o [1]
Kd_sp                   0x1fffa168     0x4  Data  Gb  pid.o [1]
Ki_an                   0x1fffa164     0x4  Data  Gb  pid.o [1]
Ki_dir                  0x1fffa16c     0x4  Data  Gb  pid.o [1]
Ki_sp                   0x1fff0bc4     0x4  Data  Gb  pid.o [1]
Kp_an                   0x1fff0bb8     0x4  Data  Gb  pid.o [1]
Kp_dir                  0x1fff0bc8     0x4  Data  Gb  pid.o [1]
Kp_sp                   0x1fff0bc0     0x4  Data  Gb  pid.o [1]
LCD_Img_gray_Z          0x00004c89   0x13c  Code  Gb  VCAN_LCD.o [1]
LCD_ST7735S_dir         0x000013d7   0xa0c  Code  Gb  VCAN_LCD_ST7735S.o [1]
LCD_ST7735S_init        0x00000419   0xfbe  Code  Gb  VCAN_LCD_ST7735S.o [1]
LCD_ST7735S_ptlon       0x00001df9   0x21c  Code  Gb  VCAN_LCD_ST7735S.o [1]
LCD_char                0x00004a83   0x19e  Code  Gb  VCAN_LCD.o [1]
LCD_init                0x000048c9    0x2c  Code  Gb  VCAN_LCD.o [1]
LCD_point               0x000049c5    0xbe  Code  Gb  VCAN_LCD.o [1]
LCD_rectangle           0x000048f5    0xd0  Code  Gb  VCAN_LCD.o [1]
LCD_str                 0x00004c21    0x68  Code  Gb  VCAN_LCD.o [1]
LED_PTxn                0x1fff0bdc     0x4  Data  Gb  VCAN_LED.o [1]
LoadInt                 0x00002da1    0x6e  Code  Lc  xprintflarge_nomb.o [3]
NVIC_DisableIRQ         0x00003e4f    0x16  Code  Lc  main.o [1]
NVIC_DisableIRQ         0x00004dfd    0x14  Code  Lc  VCAN_OV7725_Eagle.o [1]
NVIC_EnableIRQ          0x00003e39    0x16  Code  Lc  main.o [1]
NVIC_EnableIRQ          0x00004de9    0x14  Code  Lc  VCAN_OV7725_Eagle.o [1]
NVIC_SetPriority        0x00003e65    0x2a  Code  Lc  main.o [1]
NVIC_SetPriorityGrouping
                        0x00003e15    0x24  Code  Lc  main.o [1]
NVIC_SystemReset        0x00002349    0x1a  Code  Lc  MK60_conf.o [1]
OTSU                    0x0000558d   0x1fc  Code  Gb  image_processing.o [1]
PIT0_ISR                0x00004779    0x16  Code  Gb  main.o [1]
PORTA_IRQHandler        0x00004791    0x2a  Code  Gb  main.o [1]
PORTX                   0x1fff0b8c    0x14  Data  Gb  MK60_port.o [1]
Region$$Table$$Base     0x00008ba8           --   Gb  - Linker created -
Region$$Table$$Limit    0x00008bb8           --   Gb  - Linker created -
Reset_Handler           0x00000411          Code  Gb  startup_MK60DZ10.o [1]
ST7735S_get_h           0x00002015     0x6  Code  Gb  VCAN_LCD_ST7735S.o [1]
ST7735S_get_w           0x0000201b     0x6  Code  Gb  VCAN_LCD_ST7735S.o [1]
SaiDaoLeiXing           0x1fffa1fe     0x1  Data  Gb  main.o [1]
Scan_Edge_ChuiZhi       0x0000585b    0x3c  Code  Gb  image_processing.o [1]
Scan_Edge_ShuiPing      0x000057d5    0x86  Code  Gb  image_processing.o [1]
Speed_PID               0x00006865    0xc6  Code  Gb  pid.o [1]
Speed_PID_Value         0x1fff0e54     0x4  Data  Gb  Car_Control.o [1]
ThresholdValue          0x1fff0410     0x1  Data  Gb  image_processing.o [1]
UARTN                   0x1fff0ba0    0x18  Data  Gb  MK60_uart.o [1]
_GenldLargeNoMb         0x00003195   0x236  Code  Lc  xprintflarge_nomb.o [3]
_LdtobLargeNoMb         0x00002f15   0x27a  Code  Lc  xprintflarge_nomb.o [3]
_LitobLargeNoMb         0x00002e0f   0x106  Code  Lc  xprintflarge_nomb.o [3]
_Locale_aeabi_lconv     0x1fffa250    0x38  Data  Gb  localeconv.o [3]
_Locale_lconv           0x1fffa200    0x50  Data  Gb  localeconv.o [3]
_PrintfLargeNoMb        0x00002825   0x576  Code  Gb  xprintflarge_nomb.o [3]
_Prout                  0x00008c45    0x16  Code  Gb  xprout.o [3]
_PutcharsLargeNoMb      0x000033cb    0x2e  Code  Lc  xprintflarge_nomb.o [3]
__BOOT_STACK_ADDRESS {Abs}
                        0x2000fff8           --   Gb  command line/config [2]
__VECTOR_RAM {Abs}      0x1fff0000           --   Gb  command line/config [2]
__VECTOR_TABLE {Abs}    0x00000000           --   Gb  command line/config [2]
__aeabi_cdcmple         0x00003685          Code  Gb  DblCmpLe.o [4]
__aeabi_cdrcmple        0x000071f9          Code  Gb  DblCmpGe.o [4]
__aeabi_cfcmple         0x00005981          Code  Gb  FltCmpLe.o [4]
__aeabi_cfrcmple        0x0000595d          Code  Gb  FltCmpGe.o [4]
__aeabi_d2f             0x00006345          Code  Gb  DblToFlt.o [4]
__aeabi_d2iz            0x00003aa1          Code  Gb  DblToI32.o [4]
__aeabi_d2uiz           0x00003acd          Code  Gb  DblToI32.o [4]
__aeabi_dadd            0x00003d29          Code  Gb  DblAdd.o [4]
__aeabi_ddiv            0x00003859          Code  Gb  DblDiv.o [4]
__aeabi_dmul            0x000036b5          Code  Gb  DblMul.o [4]
__aeabi_dsub            0x00003b29          Code  Gb  DblSub.o [4]
__aeabi_f2d             0x00005c79          Code  Gb  FltToDbl.o [4]
__aeabi_f2iz            0x00005c01          Code  Gb  FltToS32.o [4]
__aeabi_fadd            0x000064a1          Code  Gb  FltAdd.o [4]
__aeabi_fdiv            0x00006525          Code  Gb  FltDiv.o [4]
__aeabi_fmul            0x00006709          Code  Gb  FltMul.o [4]
__aeabi_fsub            0x00006621          Code  Gb  FltSub.o [4]
__aeabi_i2d             0x00003af9          Code  Gb  I32ToDbl.o [4]
__aeabi_i2f             0x00005c45          Code  Gb  I32ToFlt.o [4]
__aeabi_ldiv0           0x00003d25          Code  Gb  I64DivZer.o [5]
__aeabi_memclr4         0x00006fe1          Code  Gb  ABImemclr4.o [5]
__aeabi_ui2d            0x00003b0d          Code  Gb  I32ToDbl.o [4]
__aeabi_ui2f            0x00005c59          Code  Gb  I32ToFlt.o [4]
__aeabi_uldivmod        0x000034dd          Code  Gb  I64DivMod.o [5]
__as_entries_start      0xffffffff           --   Gb  command line/config [2]
__as_table_start        0xffffffff           --   Gb  command line/config [2]
__cmain                 0x00008bd9          Code  Gb  cmain.o [5]
__code_start__ {Abs}    0x00000410           --   Gb  command line/config [2]
__exit                  0x00008c09          Code  Gb  XXexit.o [5]
__iar_Atan              0x00007019   0x148  Code  Gb  xatan.o [4]
__iar_Dnorm             0x00003643    0x42  Code  Gb  xdnorm.o [4]
__iar_Dtest             0x00006fe7    0x32  Code  Gb  xdtest.o [4]
__iar_Locale_lconv_init
                        0x00003ca9    0x3a  Code  Gb  localeconv.o [3]
__iar_Memchr            0x00003485          Code  Gb  memchr.o [5]
__iar_Memset4_word      0x00007229          Code  Gb  ABImemset48.o [5]
__iar_Memset8_word      0x00007229          Code  Gb  ABImemset48.o [5]
__iar_Stdout            0x1fff0be4    0x40  Data  Gb  xfiles.o [3]
__iar_Strchr            0x00003435          Code  Gb  strchr.o [5]
__iar_d2uiz             0x00003ad9          Code  Gb  DblToI32.o [4]
__iar_dadd              0x00003d3d          Code  Gb  DblAdd.o [4]
__iar_data_init3        0x00008b5d    0x28  Code  Gb  data_init.o [5]
__iar_dlib_perthread_access
                        0x00003e11     0x2  Code  Gb  xtls.o [3]
__iar_dsub              0x00003b3d          Code  Gb  DblSub.o [4]
__iar_dsubStart         0x00003b4f          Code  Gb  DblSub.o [4]
__iar_fadd              0x000064b1          Code  Gb  FltAdd.o [4]
__iar_fsub              0x00006631          Code  Gb  FltSub.o [4]
__iar_fsubStart         0x00006641          Code  Gb  FltSub.o [4]
__iar_program_start     0x00008c8d          Code  Gb  cstartup_M.o [5]
__iar_ui2d              0x00003b11          Code  Gb  I32ToDbl.o [4]
__iar_ui2f              0x00005c5d          Code  Gb  I32ToFlt.o [4]
__iar_unaligned___aeabi_memcpy
                        0x000035cd          Code  Gb  ABImemcpy_unaligned.o [5]
__iar_unaligned___aeabi_memcpy4
                        0x000035ed          Code  Gb  ABImemcpy_unaligned.o [5]
__iar_unaligned___aeabi_memcpy8
                        0x000035ed          Code  Gb  ABImemcpy_unaligned.o [5]
__iar_unaligned_strcpy  0x00006f9d          Code  Gb  strcpy_unaligned.o [5]
__iar_zero_init3        0x00003413    0x22  Code  Gb  zero_init3.o [5]
__low_level_init        0x00008bf3     0x4  Code  Gb  low_level_init.o [3]
__vector_table          0x00000000   0x410  Data  Gb  vectors.o [1]
_call_main              0x00008be5          Code  Gb  cmain.o [5]
_exit                   0x00008bfd          Code  Gb  cexit.o [5]
_main                   0x00008bef          Code  Gb  cmain.o [5]
a                       0x000071b8    0x40  Data  Lc  xatan.o [4]
acc_x                   0x1fff0e20     0x4  Data  Gb  Car_Control.o [1]
acc_x_init              0x1fff0e2c     0x4  Data  Gb  Car_Control.o [1]
acc_z                   0x1fff0e24     0x4  Data  Gb  Car_Control.o [1]
acc_z_init              0x1fff0e30     0x4  Data  Gb  Car_Control.o [1]
angle_acc               0x1fff0e38     0x4  Data  Gb  Car_Control.o [1]
angle_clhd              0x1fff0e44     0x4  Data  Gb  Car_Control.o [1]
angle_gyr               0x1fff0e3c     0x4  Data  Gb  Car_Control.o [1]
angle_yjhb              0x1fff0e40     0x4  Data  Gb  Car_Control.o [1]
ascii_8x16              0x00007a70   0x600  Data  Gb  VCAN_ASCII.o [1]
assert_failed           0x00002363    0x26  Code  Gb  MK60_conf.o [1]
atan                    0x00006a05    0x94  Code  Gb  atan.o [4]
atan2                   0x000063d5    0xcc  Code  Gb  atan2.o [4]
bus_clk_khz             0x1fffa184     0x4  Data  Gb  system_MK60DZ10.o [1]
color_1                 0x1fff0412     0x2  Data  Gb  main.o [1]
color_2                 0x1fff0414     0x2  Data  Gb  main.o [1]
color_3                 0x1fff0416     0x2  Data  Gb  main.o [1]
color_mlp               0x1fff0418     0x2  Data  Gb  main.o [1]
common_startup          0x00008667    0x98  Code  Gb  system_MK60DZ10.o [1]
core_clk_khz            0x1fffa17c     0x4  Data  Gb  system_MK60DZ10.o [1]
core_clk_mhz            0x1fffa180     0x4  Data  Gb  system_MK60DZ10.o [1]
default_isr             0x00002437    0x30  Code  Gb  MK60_conf.o [1]
div                     0x00003d15     0xe  Code  Gb  div.o [3]
dma_gpio_input_init     0x00005cc9    0x5c  Code  Lc  MK60_dma.o [1]
dma_portx2buff_init     0x00005d25   0x1f4  Code  Gb  MK60_dma.o [1]
exit                    0x00008bf7     0x4  Code  Gb  exit.o [3]
f_l_1                   0x1fffa1e6     0x1  Data  Gb  main.o [1]
f_l_2                   0x1fffa1ea     0x1  Data  Gb  main.o [1]
f_l_3                   0x1fffa1ee     0x1  Data  Gb  main.o [1]
f_l_4                   0x1fffa1f2     0x1  Data  Gb  main.o [1]
f_l_5                   0x1fffa1f6     0x1  Data  Gb  main.o [1]
f_r_1                   0x1fffa1e8     0x1  Data  Gb  main.o [1]
f_r_2                   0x1fffa1ec     0x1  Data  Gb  main.o [1]
f_r_3                   0x1fffa1f0     0x1  Data  Gb  main.o [1]
f_r_4                   0x1fffa1f4     0x1  Data  Gb  main.o [1]
f_r_5                   0x1fffa1f8     0x1  Data  Gb  main.o [1]
flag_jbp                0x1fffa1fb     0x1  Data  Gb  main.o [1]
flash_cmd               0x1fff0c35    0x20  Code  Gb  MK60_flash.o [1]
flash_erase_sector      0x1fff0c85    0x58  Code  Gb  MK60_flash.o [1]
flash_init              0x1fff0c55    0x30  Code  Gb  MK60_flash.o [1]
flash_write             0x1fff0cdd    0x8e  Code  Gb  MK60_flash.o [1]
fputc                   0x00002389    0x14  Code  Gb  MK60_conf.o [1]
ftm_mod                 0x1fffa158     0xc  Data  Lc  MK60_ftm.o [1]
ftm_pwm_duty            0x00006d41    0xe8  Code  Gb  MK60_ftm.o [1]
ftm_pwm_init            0x00006bb1   0x190  Code  Gb  MK60_ftm.o [1]
ftm_quad_clean          0x00006f5b    0x28  Code  Gb  MK60_ftm.o [1]
ftm_quad_get            0x00006f2f    0x2c  Code  Gb  MK60_ftm.o [1]
ftm_quad_init           0x00006e29   0x106  Code  Gb  MK60_ftm.o [1]
ftoa                    0x00005b31    0xba  Code  Gb  ftoa.o [1]
gpio_ddr                0x000020f3    0x52  Code  Gb  MK60_gpio.o [1]
gpio_get                0x000021f3    0x3e  Code  Gb  MK60_gpio.o [1]
gpio_init               0x00002045    0xae  Code  Gb  MK60_gpio.o [1]
gpio_set                0x00002145    0x74  Code  Gb  MK60_gpio.o [1]
gpio_turn               0x000021b9    0x3a  Code  Gb  MK60_gpio.o [1]
gyr_y                   0x1fff0e28     0x4  Data  Gb  Car_Control.o [1]
gyr_y_cali              0x1fff0e34     0x4  Data  Gb  Car_Control.o [1]
i                       0x1fffa1fd     0x1  Data  Gb  main.o [1]
image_binarized         0x1fff6698  0x3ac0  Data  Gb  main.o [1]
image_gray              0x1fff0e78  0x5820  Data  Gb  main.o [1]
itoa                    0x00005ac9    0x68  Code  Gb  ftoa.o [1]
key_check               0x000027f5    0x2a  Code  Gb  VCAN_key.o [1]
key_get                 0x000027db    0x1a  Code  Gb  VCAN_key.o [1]
key_init                0x00002789    0x52  Code  Gb  VCAN_key.o [1]
led_init                0x00002489    0x3a  Code  Gb  VCAN_LED.o [1]
led_turn                0x000024c3    0x32  Code  Gb  VCAN_LED.o [1]
left_1                  0x1fffa1e7     0x1  Data  Gb  main.o [1]
left_2                  0x1fffa1eb     0x1  Data  Gb  main.o [1]
left_3                  0x1fffa1ef     0x1  Data  Gb  main.o [1]
left_4                  0x1fffa1f3     0x1  Data  Gb  main.o [1]
left_5                  0x1fffa1f7     0x1  Data  Gb  main.o [1]
localeconv              0x00003ce3    0x16  Code  Gb  localeconv.o [3]
lptmr_delay_ms          0x000022e9    0x40  Code  Gb  MK60_lptmr.o [1]
main                    0x00003e8f   0x8ea  Code  Gb  main.o [1]
mcg_cfg                 0x1fff0b44    0x44  Data  Gb  MK60_mcg.o [1]
mcg_div                 0x1fff0b88     0x4  Data  Gb  MK60_mcg.o [1]
mcg_div_count           0x00008079   0x2fa  Code  Gb  MK60_mcg.o [1]
memchr                  0x00003485          Code  Gb  memchr.o [5]
middle_line             0x1fffa1fa     0x1  Data  Gb  main.o [1]
mpu6050_buf             0x1fff0e10    0x10  Data  Gb  Car_Control.o [1]
mpu6050_init_cali       0x1fff0e00    0x10  Data  Gb  Car_Control.o [1]
obuf                    0x1fffa18c    0x50  Data  Lc  xfiles.o [3]
ov7725_eagle_dma        0x00004ec5    0x14  Code  Gb  VCAN_OV7725_Eagle.o [1]
ov7725_eagle_get_img    0x00004ed9    0x42  Code  Gb  VCAN_OV7725_Eagle.o [1]
ov7725_eagle_img_buff   0x1fffa188     0x4  Data  Gb  VCAN_OV7725_Eagle.o [1]
ov7725_eagle_img_flag   0x1fff0be0     0x1  Data  Gb  VCAN_OV7725_Eagle.o [1]
ov7725_eagle_init       0x00004e11    0x14  Code  Gb  VCAN_OV7725_Eagle.o [1]
ov7725_eagle_port_init  0x00004e25    0x54  Code  Lc  VCAN_OV7725_Eagle.o [1]
ov7725_eagle_reg_init   0x00004f49    0x9c  Code  Lc  VCAN_OV7725_Eagle.o [1]
ov7725_eagle_vsync      0x00004e79    0x4c  Code  Gb  VCAN_OV7725_Eagle.o [1]
pit_init                0x00005431    0x6c  Code  Gb  MK60_PIT.o [1]
pit_time_get            0x00005517    0x64  Code  Gb  MK60_PIT.o [1]
pit_time_start          0x0000549d    0x7a  Code  Gb  MK60_PIT.o [1]
pll_init                0x00008373    0xb2  Code  Gb  MK60_mcg.o [1]
port_init               0x00002239    0x44  Code  Gb  MK60_port.o [1]
port_init_NoALT         0x0000227d    0x62  Code  Gb  MK60_port.o [1]
printf                  0x000024f9    0x24  Code  Gb  printf.o [3]
putchar                 0x00008c5d     0xc  Code  Gb  putchar.o [3]
pwm_common              0x1fffa1dc     0x2  Data  Gb  Car_Control.o [1]
pwm_dir                 0x1fffa1de     0x2  Data  Gb  Car_Control.o [1]
right_1                 0x1fffa1e9     0x1  Data  Gb  main.o [1]
right_2                 0x1fffa1ed     0x1  Data  Gb  main.o [1]
right_3                 0x1fffa1f1     0x1  Data  Gb  main.o [1]
right_4                 0x1fffa1f5     0x1  Data  Gb  main.o [1]
right_5                 0x1fffa1f9     0x1  Data  Gb  main.o [1]
set_sys_dividers        0x1fff0d9d    0x50  Code  Gb  MK60_mcg.o [1]
set_vector_handler      0x00005403    0x22  Code  Gb  misc.o [1]
speed_average           0x1fff0e50     0x4  Data  Gb  Car_Control.o [1]
speed_left              0x1fff0e48     0x4  Data  Gb  Car_Control.o [1]
speed_right             0x1fff0e4c     0x4  Data  Gb  Car_Control.o [1]
st7735s_dir             0x1fffa1ff     0x1  Data  Gb  VCAN_LCD_ST7735S.o [1]
st7735s_h               0x1fff0bd8     0x2  Data  Gb  VCAN_LCD_ST7735S.o [1]
st7735s_w               0x1fff0bda     0x2  Data  Gb  VCAN_LCD_ST7735S.o [1]
start                   0x00008609    0x22  Code  Gb  system_MK60DZ10.o [1]
start_check             0x0000239d    0x9a  Code  Gb  MK60_conf.o [1]
strchr                  0x00003435          Code  Gb  strchr.o [5]
strlen                  0x0000344d          Code  Gb  strlen.o [5]
sysinit                 0x0000862b    0x3c  Code  Gb  system_MK60DZ10.o [1]
uart_init               0x0000251d   0x214  Code  Gb  MK60_uart.o [1]
uart_putbuff            0x0000274b    0x24  Code  Gb  MK60_uart.o [1]
uart_putchar            0x00002731    0x1a  Code  Gb  MK60_uart.o [1]
vector_str              0x1fff041c   0x708  Data  Gb  MK60_conf.o [1]
wdog_disable            0x00008739    0x16  Code  Gb  MK60_wdog.o [1]
wdog_unlock             0x0000874f    0x20  Code  Lc  MK60_wdog.o [1]
write_vtor              0x000053e1    0x22  Code  Gb  misc.o [1]


[1] = F:\K60\workspace\直立程序 - 封装后 - 综合 - 斜率判断方案\Prj\IAR\DZ10_Debug\Obj
[2] = command line
[3] = dl7M_tlf.a
[4] = m7M_tl.a
[5] = rt7M_tl.a

  29 726 bytes of readonly  code memory
     456 bytes of readwrite code memory
   6 420 bytes of readonly  data memory
  40 108 bytes of readwrite data memory

Errors: none
Warnings: none
