###############################################################################
#
# IAR ELF Linker V7.20.2.7424/W32 for ARM                 17/Apr/2017  19:47:54
# Copyright 2007-2014 IAR Systems AB.
#
#    Output file  =  
#        C:\Users\Administrator\Desktop\2.补线程序 -
#        十字\Prj\IAR\DZ10_Debug\Exe\vcan_Kinetis.out
#    Map file     =  
#        C:\Users\Administrator\Desktop\2.补线程序 -
#        十字\Prj\IAR\DZ10_Debug\List\vcan_Kinetis.map
#    Command line =  
#        "C:\Users\Administrator\Desktop\2.补线程序 -
#        十字\Prj\IAR\DZ10_Debug\Obj\diskio.o"
#        "C:\Users\Administrator\Desktop\2.补线程序 -
#        十字\Prj\IAR\DZ10_Debug\Obj\ff.o"
#        "C:\Users\Administrator\Desktop\2.补线程序 -
#        十字\Prj\IAR\DZ10_Debug\Obj\i_djys.o"
#        "C:\Users\Administrator\Desktop\2.补线程序 -
#        十字\Prj\IAR\DZ10_Debug\Obj\i_er_zhi_hua.o"
#        "C:\Users\Administrator\Desktop\2.补线程序 -
#        十字\Prj\IAR\DZ10_Debug\Obj\i_f_edge.o"
#        "C:\Users\Administrator\Desktop\2.补线程序 -
#        十字\Prj\IAR\DZ10_Debug\Obj\i_hua_xian.o"
#        "C:\Users\Administrator\Desktop\2.补线程序 -
#        十字\Prj\IAR\DZ10_Debug\Obj\i_yu_zhi.o"
#        "C:\Users\Administrator\Desktop\2.补线程序 -
#        十字\Prj\IAR\DZ10_Debug\Obj\m_djys.o"
#        "C:\Users\Administrator\Desktop\2.补线程序 -
#        十字\Prj\IAR\DZ10_Debug\Obj\m_xie_lv.o"
#        "C:\Users\Administrator\Desktop\2.补线程序 -
#        十字\Prj\IAR\DZ10_Debug\Obj\m_zuo_biao.o"
#        "C:\Users\Administrator\Desktop\2.补线程序 -
#        十字\Prj\IAR\DZ10_Debug\Obj\main.o"
#        "C:\Users\Administrator\Desktop\2.补线程序 -
#        十字\Prj\IAR\DZ10_Debug\Obj\misc.o"
#        "C:\Users\Administrator\Desktop\2.补线程序 -
#        十字\Prj\IAR\DZ10_Debug\Obj\MK60_adc.o"
#        "C:\Users\Administrator\Desktop\2.补线程序 -
#        十字\Prj\IAR\DZ10_Debug\Obj\MK60_can.o"
#        "C:\Users\Administrator\Desktop\2.补线程序 -
#        十字\Prj\IAR\DZ10_Debug\Obj\MK60_conf.o"
#        "C:\Users\Administrator\Desktop\2.补线程序 -
#        十字\Prj\IAR\DZ10_Debug\Obj\MK60_dac.o"
#        "C:\Users\Administrator\Desktop\2.补线程序 -
#        十字\Prj\IAR\DZ10_Debug\Obj\MK60_dma.o"
#        "C:\Users\Administrator\Desktop\2.补线程序 -
#        十字\Prj\IAR\DZ10_Debug\Obj\MK60_DWT.o"
#        "C:\Users\Administrator\Desktop\2.补线程序 -
#        十字\Prj\IAR\DZ10_Debug\Obj\MK60_flash.o"
#        "C:\Users\Administrator\Desktop\2.补线程序 -
#        十字\Prj\IAR\DZ10_Debug\Obj\MK60_flexbus.o"
#        "C:\Users\Administrator\Desktop\2.补线程序 -
#        十字\Prj\IAR\DZ10_Debug\Obj\MK60_ftm.o"
#        "C:\Users\Administrator\Desktop\2.补线程序 -
#        十字\Prj\IAR\DZ10_Debug\Obj\MK60_gpio.o"
#        "C:\Users\Administrator\Desktop\2.补线程序 -
#        十字\Prj\IAR\DZ10_Debug\Obj\MK60_i2c.o"
#        "C:\Users\Administrator\Desktop\2.补线程序 -
#        十字\Prj\IAR\DZ10_Debug\Obj\MK60_it.o"
#        "C:\Users\Administrator\Desktop\2.补线程序 -
#        十字\Prj\IAR\DZ10_Debug\Obj\MK60_lptmr.o"
#        "C:\Users\Administrator\Desktop\2.补线程序 -
#        十字\Prj\IAR\DZ10_Debug\Obj\MK60_mcg.o"
#        "C:\Users\Administrator\Desktop\2.补线程序 -
#        十字\Prj\IAR\DZ10_Debug\Obj\MK60_PIT.o"
#        "C:\Users\Administrator\Desktop\2.补线程序 -
#        十字\Prj\IAR\DZ10_Debug\Obj\MK60_port.o"
#        "C:\Users\Administrator\Desktop\2.补线程序 -
#        十字\Prj\IAR\DZ10_Debug\Obj\MK60_rtc.o"
#        "C:\Users\Administrator\Desktop\2.补线程序 -
#        十字\Prj\IAR\DZ10_Debug\Obj\MK60_sdhc.o"
#        "C:\Users\Administrator\Desktop\2.补线程序 -
#        十字\Prj\IAR\DZ10_Debug\Obj\MK60_spi.o"
#        "C:\Users\Administrator\Desktop\2.补线程序 -
#        十字\Prj\IAR\DZ10_Debug\Obj\MK60_SysTick.o"
#        "C:\Users\Administrator\Desktop\2.补线程序 -
#        十字\Prj\IAR\DZ10_Debug\Obj\MK60_uart.o"
#        "C:\Users\Administrator\Desktop\2.补线程序 -
#        十字\Prj\IAR\DZ10_Debug\Obj\MK60_usb.o"
#        "C:\Users\Administrator\Desktop\2.补线程序 -
#        十字\Prj\IAR\DZ10_Debug\Obj\MK60_wdog.o"
#        "C:\Users\Administrator\Desktop\2.补线程序 -
#        十字\Prj\IAR\DZ10_Debug\Obj\startup_MK60DZ10.o"
#        "C:\Users\Administrator\Desktop\2.补线程序 -
#        十字\Prj\IAR\DZ10_Debug\Obj\system_MK60DZ10.o"
#        "C:\Users\Administrator\Desktop\2.补线程序 -
#        十字\Prj\IAR\DZ10_Debug\Obj\USB.o"
#        "C:\Users\Administrator\Desktop\2.补线程序 -
#        十字\Prj\IAR\DZ10_Debug\Obj\USB_CDC.o"
#        "C:\Users\Administrator\Desktop\2.补线程序 -
#        十字\Prj\IAR\DZ10_Debug\Obj\VCAN_ASCII.o"
#        "C:\Users\Administrator\Desktop\2.补线程序 -
#        十字\Prj\IAR\DZ10_Debug\Obj\VCAN_BMP.o"
#        "C:\Users\Administrator\Desktop\2.补线程序 -
#        十字\Prj\IAR\DZ10_Debug\Obj\VCAN_camera.o"
#        "C:\Users\Administrator\Desktop\2.补线程序 -
#        十字\Prj\IAR\DZ10_Debug\Obj\VCAN_computer.o"
#        "C:\Users\Administrator\Desktop\2.补线程序 -
#        十字\Prj\IAR\DZ10_Debug\Obj\vcan_img2sd.o"
#        "C:\Users\Administrator\Desktop\2.补线程序 -
#        十字\Prj\IAR\DZ10_Debug\Obj\VCAN_key.o"
#        "C:\Users\Administrator\Desktop\2.补线程序 -
#        十字\Prj\IAR\DZ10_Debug\Obj\VCAN_key_event.o"
#        "C:\Users\Administrator\Desktop\2.补线程序 -
#        十字\Prj\IAR\DZ10_Debug\Obj\VCAN_LCD.o"
#        "C:\Users\Administrator\Desktop\2.补线程序 -
#        十字\Prj\IAR\DZ10_Debug\Obj\VCAN_LCD_CH.o"
#        "C:\Users\Administrator\Desktop\2.补线程序 -
#        十字\Prj\IAR\DZ10_Debug\Obj\VCAN_LCD_ILI9341.o"
#        "C:\Users\Administrator\Desktop\2.补线程序 -
#        十字\Prj\IAR\DZ10_Debug\Obj\VCAN_LCD_ST7735R.o"
#        "C:\Users\Administrator\Desktop\2.补线程序 -
#        十字\Prj\IAR\DZ10_Debug\Obj\VCAN_LCD_ST7735S.o"
#        "C:\Users\Administrator\Desktop\2.补线程序 -
#        十字\Prj\IAR\DZ10_Debug\Obj\VCAN_LED.o"
#        "C:\Users\Administrator\Desktop\2.补线程序 -
#        十字\Prj\IAR\DZ10_Debug\Obj\VCAN_MMA7455.o"
#        "C:\Users\Administrator\Desktop\2.补线程序 -
#        十字\Prj\IAR\DZ10_Debug\Obj\VCAN_NRF24L0.o"
#        "C:\Users\Administrator\Desktop\2.补线程序 -
#        十字\Prj\IAR\DZ10_Debug\Obj\VCAN_NRF24L0_MSG.o"
#        "C:\Users\Administrator\Desktop\2.补线程序 -
#        十字\Prj\IAR\DZ10_Debug\Obj\VCAN_OV7725_Eagle.o"
#        "C:\Users\Administrator\Desktop\2.补线程序 -
#        十字\Prj\IAR\DZ10_Debug\Obj\VCAN_OV7725_Wolf.o"
#        "C:\Users\Administrator\Desktop\2.补线程序 -
#        十字\Prj\IAR\DZ10_Debug\Obj\VCAN_RTC_count.o"
#        "C:\Users\Administrator\Desktop\2.补线程序 -
#        十字\Prj\IAR\DZ10_Debug\Obj\VCAN_SCCB.o"
#        "C:\Users\Administrator\Desktop\2.补线程序 -
#        十字\Prj\IAR\DZ10_Debug\Obj\vcan_sd_app.o"
#        "C:\Users\Administrator\Desktop\2.补线程序 -
#        十字\Prj\IAR\DZ10_Debug\Obj\Vcan_touch.o"
#        "C:\Users\Administrator\Desktop\2.补线程序 -
#        十字\Prj\IAR\DZ10_Debug\Obj\VCAN_TSL1401.o"
#        "C:\Users\Administrator\Desktop\2.补线程序 -
#        十字\Prj\IAR\DZ10_Debug\Obj\VCAN_UI_VAR.o"
#        "C:\Users\Administrator\Desktop\2.补线程序 -
#        十字\Prj\IAR\DZ10_Debug\Obj\vectors.o" --redirect
#        _Printf=_PrintfLargeNoMb --redirect _Scanf=_ScanfLargeNoMb -o
#        "C:\Users\Administrator\Desktop\2.补线程序 -
#        十字\Prj\IAR\DZ10_Debug\Exe\vcan_Kinetis.out" --map
#        "C:\Users\Administrator\Desktop\2.补线程序 -
#        十字\Prj\IAR\DZ10_Debug\List\vcan_Kinetis.map" --config
#        "C:\Users\Administrator\Desktop\2.补线程序 - 十字\Prj\IAR\config
#        files\vcan_ROM_K60N512.icf" "C:\Users\Administrator\Desktop\2.补线程序
#        - 十字\Prj\IAR\..\..\Lib\CMSIS\iar_cortexM4l_math.a" --entry
#        __iar_program_start --vfe
#
###############################################################################

*******************************************************************************
*** RUNTIME MODEL ATTRIBUTES
***

CppFlavor       = *
__SystemLibrary = DLib


*******************************************************************************
*** PLACEMENT SUMMARY
***

"A1":  place at 0x00000000 { ro section .intvec };
"A2":  place at 0x00000410 { ro section .noinit };
"P1":  place in [from 0x00000000 to 0x00080000] { ro, block CodeRelocate };
"P2":  place in [from 0x1fff0410 to 0x20010000] {
          rw, block CodeRelocateRam, block CSTACK, block HEAP };

  Section              Kind        Address    Size  Object
  -------              ----        -------    ----  ------
"A1":                                        0x410
  .intvec              const    0x00000000   0x410  vectors.o [1]
                              - 0x00000410   0x410

"P1", part 1 of 2:                             0x0
  .rodata              const    0x00000410     0x0  zero_init3.o [5]

"A2":                                          0x8
  .noinit              ro code  0x00000410     0x8  startup_MK60DZ10.o [1]
                              - 0x00000418     0x8

"P1", part 2 of 2:                          0x6698
  .text                ro code  0x00000418  0x1c2c  VCAN_LCD_ST7735S.o [1]
  .text                ro code  0x00002044   0x128  MK60_gpio.o [1]
  .text                ro code  0x0000216c    0xb0  MK60_port.o [1]
  .text                ro code  0x0000221c    0x64  MK60_SysTick.o [1]
  Veneer               ro code  0x00002280     0x8  - Linker created -
  Veneer               ro code  0x00002288     0x8  - Linker created -
  .text                ro code  0x00002290   0x140  MK60_conf.o [1]
  .text                ro code  0x000023d0    0x70  VCAN_LED.o [1]
  .text                ro code  0x00002440    0x24  printf.o [3]
  .text                ro code  0x00002464   0x270  MK60_uart.o [1]
  .text                ro code  0x000026d4    0x9c  VCAN_key.o [1]
  .text                ro code  0x00002770   0xbee  xprintflarge_nomb.o [3]
  .text                ro code  0x0000335e    0x22  zero_init3.o [5]
  .text                ro code  0x00003380    0x16  strchr.o [5]
  .rodata              const    0x00003396     0x2  VCAN_computer.o [1]
  .text                ro code  0x00003398    0x36  strlen.o [5]
  .rodata              const    0x000033ce     0x2  VCAN_computer.o [1]
  .text                ro code  0x000033d0    0x58  memchr.o [5]
  .text                ro code  0x00003428    0xee  I64DivMod.o [5]
  .text                ro code  0x00003518    0x76  ABImemcpy_unaligned.o [5]
  .text                ro code  0x0000358e    0x42  xdnorm.o [4]
  .text                ro code  0x000035d0    0x2e  DblCmpLe.o [4]
  .text                ro code  0x00003600   0x1a2  DblMul.o [4]
  .text                ro code  0x000037a4   0x246  DblDiv.o [4]
  .text                ro code  0x000039ec    0x2c  DblToI32.o [4]
  .text                ro code  0x00003a18    0x1c  I32ToDbl.o [4]
  .text                ro code  0x00003a34   0x180  DblSub.o [4]
  .text                ro code  0x00003bb4    0x6c  localeconv.o [3]
  .text                ro code  0x00003c20     0xe  div.o [3]
  .text                ro code  0x00003c30     0x2  I64DivZer.o [5]
  .text                ro code  0x00003c34    0xd4  DblAdd.o [4]
  .text                ro code  0x00003d08     0x2  xtls.o [3]
  .data_init                    0x00003d0c   0x7e4  <Block>
    Initializer bytes  ro data  0x00003d0c   0x7e4  <for .data-1>
  .text                ro code  0x000044f0   0x626  i_f_edge.o [1]
  .text                ro code  0x00004b18   0x548  main.o [1]
  .text                ro code  0x00005060   0x250  VCAN_LCD.o [1]
  .text                ro code  0x000052b0   0x1fc  VCAN_OV7725_Eagle.o [1]
  .text                ro code  0x000054ac    0x50  misc.o [1]
  .text                ro code  0x000054fc   0x124  i_yu_zhi.o [1]
  .text                ro code  0x00005620    0x4a  i_er_zhi_hua.o [1]
  .text                ro code  0x0000566a    0x5e  i_djys.o [1]
  .text                ro code  0x000056c8   0x1c2  i_hua_xian.o [1]
  .text                ro code  0x0000588c    0x40  VCAN_computer.o [1]
  .text                ro code  0x000058cc   0x284  MK60_dma.o [1]
  .text                ro code  0x00005b50    0x84  FltAdd.o [4]
  .text                ro code  0x00005bd4    0x32  I32ToFlt.o [4]
  .text                ro code  0x00005c08    0xfc  FltDiv.o [4]
  .text                ro code  0x00005d04    0xd8  FltMul.o [4]
  .text                ro code  0x00005ddc    0xe6  FltSub.o [4]
  .text                ro code  0x00005ec4    0x24  FltCmpLe.o [4]
  .text                ro code  0x00005ee8    0x5c  m_zuo_biao.o [1]
  .text                ro code  0x00005f44    0x54  m_xie_lv.o [1]
  .text                ro code  0x00005f98    0x44  FltToS32.o [4]
  Veneer               ro code  0x00005fdc     0x8  - Linker created -
  .text                ro code  0x00005fe4   0x3c8  MK60_mcg.o [1]
  CodeRelocate                  0x000063ac   0x1c8  <Block>
    Initializer bytes  ro data  0x000063ac   0x1c8  <for CodeRelocateRam-1>
  .text                ro code  0x00006574   0x130  system_MK60DZ10.o [1]
  .text                ro code  0x000066a4    0x40  MK60_wdog.o [1]
  .rodata              const    0x000066e4    0x50  VCAN_LCD_ST7735S.o [1]
  .rodata              const    0x00006734    0x4c  MK60_SysTick.o [1]
  .rodata              const    0x00006780    0x48  MK60_dma.o [1]
  .rodata              const    0x000067c8    0x48  MK60_flash.o [1]
  .rodata              const    0x00006810    0x48  MK60_gpio.o [1]
  .rodata              const    0x00006858    0x48  MK60_uart.o [1]
  .rodata              const    0x000068a0    0x44  misc.o [1]
  .rodata              const    0x000068e4    0x3c  MK60_conf.o [1]
  .text                ro code  0x00006920    0x28  data_init.o [5]
  .rodata              const    0x00006948    0x24  MK60_conf.o [1]
  .iar.init_table      const    0x0000696c    0x10  - Linker created -
  .rodata              const    0x0000697c    0x20  MK60_conf.o [1]
  .text                ro code  0x0000699c    0x1a  cmain.o [5]
  .text                ro code  0x000069b6     0x4  low_level_init.o [3]
  .text                ro code  0x000069ba     0x4  exit.o [3]
  .text                ro code  0x000069c0     0xa  cexit.o [5]
  .text                ro code  0x000069cc     0xc  XXexit.o [5]
  .text                ro code  0x000069d8    0x16  xprout.o [3]
  .text                ro code  0x000069f0     0xc  putchar.o [3]
  .rodata              const    0x000069fc    0x14  MK60_conf.o [1]
  .text                ro code  0x00006a10     0xc  cstartup_M.o [5]
  .rodata              const    0x00006a1c     0x4  main.o [1]
  .rodata              const    0x00006a20     0x4  main.o [1]
  .rodata              const    0x00006a24     0x4  VCAN_LCD.o [1]
  Initializer bytes    ro data  0x00006a28    0x88  <for P2 s0>
                              - 0x00006ab0  0x6698

"P2":                                       0x9d78
  .data                         0x1fff0410   0x7e4  <Block>
    .data-1                     0x1fff0410   0x7e4  <Init block>
      .data            inited   0x1fff0410   0x708  MK60_conf.o [1]
      .data            inited   0x1fff0b18    0x14  MK60_gpio.o [1]
      .data            inited   0x1fff0b2c    0x44  MK60_mcg.o [1]
      .data            inited   0x1fff0b70     0x4  MK60_mcg.o [1]
      .data            inited   0x1fff0b74    0x14  MK60_port.o [1]
      .data            inited   0x1fff0b88    0x18  MK60_uart.o [1]
      .data            inited   0x1fff0ba0     0x8  VCAN_key.o [1]
      .data            inited   0x1fff0ba8     0x2  VCAN_LCD_ST7735S.o [1]
      .data            inited   0x1fff0baa     0x2  VCAN_LCD_ST7735S.o [1]
      .data            inited   0x1fff0bac     0x4  VCAN_LED.o [1]
      .data            inited   0x1fff0bb0     0x1  VCAN_OV7725_Eagle.o [1]
      .data            inited   0x1fff0bb4    0x40  xfiles.o [3]
  CodeRelocateRam               0x1fff0bf4   0x1c8  <Block>
    CodeRelocateRam-1           0x1fff0bf4   0x1c8  <Init block>
      Veneer           inited   0x1fff0bf4     0x8  - Linker created -
      Veneer           inited   0x1fff0bfc     0x8  - Linker created -
      .textrw          inited   0x1fff0c04   0x168  MK60_flash.o [1]
      .textrw          inited   0x1fff0d6c    0x50  MK60_mcg.o [1]
  .bss                          0x1fff0dbc  0x9343  <Block>
    .bss               zero     0x1fff0dbc  0x5820  main.o [1]
    .bss               zero     0x1fff65dc  0x3ac0  main.o [1]
    .bss               zero     0x1fffa09c     0x4  system_MK60DZ10.o [1]
    .bss               zero     0x1fffa0a0     0x4  system_MK60DZ10.o [1]
    .bss               zero     0x1fffa0a4     0x4  system_MK60DZ10.o [1]
    .bss               zero     0x1fffa0a8     0x4  VCAN_OV7725_Eagle.o [1]
    .bss               zero     0x1fffa0ac    0x50  xfiles.o [3]
    .bss               zero     0x1fffa0fc     0x1  main.o [1]
    .bss               zero     0x1fffa0fd     0x1  main.o [1]
    .bss               zero     0x1fffa0fe     0x1  VCAN_LCD_ST7735S.o [1]
  P2 s0                         0x1fffa100    0x88  <Init block>
    __DLIB_PERTHREAD   inited   0x1fffa100    0x88  localeconv.o [3]
                              - 0x1fffa188  0x9d78


*******************************************************************************
*** INIT TABLE
***

          Address     Size
          -------     ----
Zero (__iar_zero_init3)
    1 destination range, total size 0x9343:
          0x1fff0dbc  0x9343



*******************************************************************************
*** MODULE SUMMARY
***

    Module                 ro code  rw code  ro data  rw data
    ------                 -------  -------  -------  -------
C:\Users\Administrator\Desktop\2.补线程序 - 十字\Prj\IAR\DZ10_Debug\Obj: [1]
    MK60_SysTick.o             100                76
    MK60_conf.o                320             1 948    1 800
    MK60_dma.o                 644                72
    MK60_flash.o                        360      432
    MK60_gpio.o                296                92       20
    MK60_mcg.o                 968       80      152       72
    MK60_port.o                176                20       20
    MK60_uart.o                624                96       24
    MK60_wdog.o                 64
    VCAN_LCD.o                 592                 4
    VCAN_LCD_ST7735S.o       7 212                84        5
    VCAN_LED.o                 112                 4        4
    VCAN_OV7725_Eagle.o        508                 1        5
    VCAN_computer.o             64                 4
    VCAN_key.o                 156                 8        8
    i_djys.o                    94
    i_er_zhi_hua.o              74
    i_f_edge.o               1 574
    i_hua_xian.o               450
    i_yu_zhi.o                 292
    m_xie_lv.o                  84
    m_zuo_biao.o                92
    main.o                   1 352                 8   37 602
    misc.o                      80                68
    startup_MK60DZ10.o           8
    system_MK60DZ10.o          304                         12
    vectors.o                                  1 040
    ---------------------------------------------------------
    Total:                  16 240      440    4 109   39 572

command line: [2]
    ---------------------------------------------------------
    Total:

dl7M_tlf.a: [3]
    div.o                       14
    exit.o                       4
    localeconv.o               108               136      136
    low_level_init.o             4
    printf.o                    36
    putchar.o                   12
    xfiles.o                                      67      144
    xprintflarge_nomb.o      3 054
    xprout.o                    22
    xtls.o                       2
    ---------------------------------------------------------
    Total:                   3 256               203      280

m7M_tl.a: [4]
    DblAdd.o                   212
    DblCmpLe.o                  46
    DblDiv.o                   582
    DblMul.o                   418
    DblSub.o                   384
    DblToI32.o                  44
    FltAdd.o                   132
    FltCmpLe.o                  36
    FltDiv.o                   252
    FltMul.o                   216
    FltSub.o                   230
    FltToS32.o                  68
    I32ToDbl.o                  28
    I32ToFlt.o                  50
    xdnorm.o                    66
    ---------------------------------------------------------
    Total:                   2 764

rt7M_tl.a: [5]
    ABImemcpy_unaligned.o      118
    I64DivMod.o                238
    I64DivZer.o                  2
    XXexit.o                    12
    cexit.o                     10
    cmain.o                     26
    cstartup_M.o                12
    data_init.o                 40
    memchr.o                    88
    strchr.o                    22
    strlen.o                    54
    zero_init3.o                34
    ---------------------------------------------------------
    Total:                     656

    Gaps                        26                          3
    Linker created              24       16       32
-------------------------------------------------------------
    Grand Total:            22 966      456    4 344   39 855


*******************************************************************************
*** ENTRY LIST
***

Entry                      Address    Size  Type      Object
-----                      -------    ----  ----      ------
.bss$$Base              0x1fff0dbc           --   Gb  - Linker created -
.bss$$Limit             0x1fffa0ff           --   Gb  - Linker created -
.data$$Base             0x1fff0410           --   Gb  - Linker created -
.data$$Limit            0x1fff0bf4           --   Gb  - Linker created -
.data_init$$Base        0x00003d0c           --   Gb  - Linker created -
.data_init$$Limit       0x000044f0           --   Gb  - Linker created -
?main                   0x0000699d          Code  Gb  cmain.o [5]
ASSERT_FAILED_STR       0x00006948    0x24  Data  Gb  MK60_conf.o [1]
ChouQu_ErZhi            0x00005621    0x4a  Code  Gb  i_er_zhi_hua.o [1]
CodeRelocate$$Base      0x000063ac           --   Gb  - Linker created -
CodeRelocate$$Limit     0x00006574           --   Gb  - Linker created -
CodeRelocateRam$$Base   0x1fff0bf4           --   Gb  - Linker created -
CodeRelocateRam$$Limit  0x1fff0dbc           --   Gb  - Linker created -
DMA0_IRQHandler         0x00005059     0x8  Code  Gb  main.o [1]
GPIOX                   0x1fff0b18    0x14  Data  Gb  MK60_gpio.o [1]
KEY_PTxn                0x1fff0ba0     0x8  Data  Gb  VCAN_key.o [1]
LCD_Img_gray_Z          0x0000515d   0x13c  Code  Gb  VCAN_LCD.o [1]
LCD_ST7735S_dir         0x000013d7   0xa0c  Code  Gb  VCAN_LCD_ST7735S.o [1]
LCD_ST7735S_init        0x00000419   0xfbe  Code  Gb  VCAN_LCD_ST7735S.o [1]
LCD_ST7735S_ptlon       0x00001df9   0x21c  Code  Gb  VCAN_LCD_ST7735S.o [1]
LCD_init                0x00005061    0x2c  Code  Gb  VCAN_LCD.o [1]
LCD_rectangle           0x0000508d    0xd0  Code  Gb  VCAN_LCD.o [1]
LED_PTxn                0x1fff0bac     0x4  Data  Gb  VCAN_LED.o [1]
LoadInt                 0x00002ced    0x6e  Code  Lc  xprintflarge_nomb.o [3]
NVIC_DisableIRQ         0x000052c5    0x14  Code  Lc  VCAN_OV7725_Eagle.o [1]
NVIC_EnableIRQ          0x000052b1    0x14  Code  Lc  VCAN_OV7725_Eagle.o [1]
NVIC_SystemReset        0x00002291    0x1a  Code  Lc  MK60_conf.o [1]
OTSU                    0x000054fd   0x124  Code  Gb  i_yu_zhi.o [1]
PORTA_IRQHandler        0x00005011    0x2a  Code  Gb  main.o [1]
PORTX                   0x1fff0b74    0x14  Data  Gb  MK60_port.o [1]
Region$$Table$$Base     0x0000696c           --   Gb  - Linker created -
Region$$Table$$Limit    0x0000697c           --   Gb  - Linker created -
Reset_Handler           0x00000411          Code  Gb  startup_MK60DZ10.o [1]
ST7735S_get_h           0x00002015     0x6  Code  Gb  VCAN_LCD_ST7735S.o [1]
ST7735S_get_w           0x0000201b     0x6  Code  Gb  VCAN_LCD_ST7735S.o [1]
UARTN                   0x1fff0b88    0x18  Data  Gb  MK60_uart.o [1]
YuZhi                   0x1fffa0fc     0x1  Data  Gb  main.o [1]
_GenldLargeNoMb         0x000030e1   0x236  Code  Lc  xprintflarge_nomb.o [3]
_LdtobLargeNoMb         0x00002e61   0x27a  Code  Lc  xprintflarge_nomb.o [3]
_LitobLargeNoMb         0x00002d5b   0x106  Code  Lc  xprintflarge_nomb.o [3]
_Locale_aeabi_lconv     0x1fffa150    0x38  Data  Gb  localeconv.o [3]
_Locale_lconv           0x1fffa100    0x50  Data  Gb  localeconv.o [3]
_PrintfLargeNoMb        0x00002771   0x576  Code  Gb  xprintflarge_nomb.o [3]
_Prout                  0x000069d9    0x16  Code  Gb  xprout.o [3]
_PutcharsLargeNoMb      0x00003317    0x2e  Code  Lc  xprintflarge_nomb.o [3]
__BOOT_STACK_ADDRESS {Abs}
                        0x2000fff8           --   Gb  command line/config [2]
__VECTOR_RAM {Abs}      0x1fff0000           --   Gb  command line/config [2]
__VECTOR_TABLE {Abs}    0x00000000           --   Gb  command line/config [2]
__aeabi_cdcmple         0x000035d1          Code  Gb  DblCmpLe.o [4]
__aeabi_cfcmple         0x00005ec5          Code  Gb  FltCmpLe.o [4]
__aeabi_d2uiz           0x000039ed          Code  Gb  DblToI32.o [4]
__aeabi_ddiv            0x000037a5          Code  Gb  DblDiv.o [4]
__aeabi_dmul            0x00003601          Code  Gb  DblMul.o [4]
__aeabi_dsub            0x00003a35          Code  Gb  DblSub.o [4]
__aeabi_f2iz            0x00005f99          Code  Gb  FltToS32.o [4]
__aeabi_fadd            0x00005b51          Code  Gb  FltAdd.o [4]
__aeabi_fdiv            0x00005c09          Code  Gb  FltDiv.o [4]
__aeabi_fmul            0x00005d05          Code  Gb  FltMul.o [4]
__aeabi_fsub            0x00005ddd          Code  Gb  FltSub.o [4]
__aeabi_i2f             0x00005bd5          Code  Gb  I32ToFlt.o [4]
__aeabi_ldiv0           0x00003c31          Code  Gb  I64DivZer.o [5]
__aeabi_ui2d            0x00003a19          Code  Gb  I32ToDbl.o [4]
__aeabi_ui2f            0x00005be9          Code  Gb  I32ToFlt.o [4]
__aeabi_uldivmod        0x00003429          Code  Gb  I64DivMod.o [5]
__as_entries_start      0xffffffff           --   Gb  command line/config [2]
__as_table_start        0xffffffff           --   Gb  command line/config [2]
__cmain                 0x0000699d          Code  Gb  cmain.o [5]
__code_start__ {Abs}    0x00000410           --   Gb  command line/config [2]
__exit                  0x000069cd          Code  Gb  XXexit.o [5]
__iar_Dnorm             0x0000358f    0x42  Code  Gb  xdnorm.o [4]
__iar_Locale_lconv_init
                        0x00003bb5    0x3a  Code  Gb  localeconv.o [3]
__iar_Memchr            0x000033d1          Code  Gb  memchr.o [5]
__iar_Stdout            0x1fff0bb4    0x40  Data  Gb  xfiles.o [3]
__iar_Strchr            0x00003381          Code  Gb  strchr.o [5]
__iar_d2uiz             0x000039f9          Code  Gb  DblToI32.o [4]
__iar_dadd              0x00003c35          Code  Gb  DblAdd.o [4]
__iar_data_init3        0x00006921    0x28  Code  Gb  data_init.o [5]
__iar_dlib_perthread_access
                        0x00003d09     0x2  Code  Gb  xtls.o [3]
__iar_dsub              0x00003a49          Code  Gb  DblSub.o [4]
__iar_dsubStart         0x00003a5b          Code  Gb  DblSub.o [4]
__iar_fadd              0x00005b61          Code  Gb  FltAdd.o [4]
__iar_fsub              0x00005ded          Code  Gb  FltSub.o [4]
__iar_fsubStart         0x00005dfd          Code  Gb  FltSub.o [4]
__iar_program_start     0x00006a11          Code  Gb  cstartup_M.o [5]
__iar_ui2d              0x00003a1d          Code  Gb  I32ToDbl.o [4]
__iar_ui2f              0x00005bed          Code  Gb  I32ToFlt.o [4]
__iar_unaligned___aeabi_memcpy
                        0x00003519          Code  Gb  ABImemcpy_unaligned.o [5]
__iar_unaligned___aeabi_memcpy4
                        0x00003539          Code  Gb  ABImemcpy_unaligned.o [5]
__iar_unaligned___aeabi_memcpy8
                        0x00003539          Code  Gb  ABImemcpy_unaligned.o [5]
__iar_zero_init3        0x0000335f    0x22  Code  Gb  zero_init3.o [5]
__low_level_init        0x000069b7     0x4  Code  Gb  low_level_init.o [3]
__vector_table          0x00000000   0x410  Data  Gb  vectors.o [1]
_call_main              0x000069a9          Code  Gb  cmain.o [5]
_exit                   0x000069c1          Code  Gb  cexit.o [5]
_main                   0x000069b3          Code  Gb  cmain.o [5]
assert_failed           0x000022ab    0x26  Code  Gb  MK60_conf.o [1]
bus_clk_khz             0x1fffa0a4     0x4  Data  Gb  system_MK60DZ10.o [1]
calcu_slope             0x00005f45    0x54  Code  Gb  m_xie_lv.o [1]
common_startup          0x000065d3    0x98  Code  Gb  system_MK60DZ10.o [1]
core_clk_khz            0x1fffa09c     0x4  Data  Gb  system_MK60DZ10.o [1]
core_clk_mhz            0x1fffa0a0     0x4  Data  Gb  system_MK60DZ10.o [1]
covert_fan_zb           0x00005f25    0x20  Code  Gb  m_zuo_biao.o [1]
covert_zb               0x00005f05    0x20  Code  Gb  m_zuo_biao.o [1]
default_isr             0x0000237f    0x30  Code  Gb  MK60_conf.o [1]
div                     0x00003c21     0xe  Code  Gb  div.o [3]
dma_gpio_input_init     0x000058cd    0x5c  Code  Lc  MK60_dma.o [1]
dma_portx2buff_init     0x00005929   0x1f4  Code  Gb  MK60_dma.o [1]
exit                    0x000069bb     0x4  Code  Gb  exit.o [3]
f_S_guaidian            0x00004983   0x194  Code  Gb  i_f_edge.o [1]
f_Sedge_sp_cmd          0x00004583   0x10a  Code  Gb  i_f_edge.o [1]
f_Xedge_sp_cmd          0x0000468d   0x10a  Code  Gb  i_f_edge.o [1]
f_edge_sp_czj           0x000044f1    0x92  Code  Gb  i_f_edge.o [1]
flash_cmd               0x1fff0c05    0x20  Code  Gb  MK60_flash.o [1]
flash_erase_sector      0x1fff0c55    0x58  Code  Gb  MK60_flash.o [1]
flash_init              0x1fff0c25    0x30  Code  Gb  MK60_flash.o [1]
flash_write             0x1fff0cad    0x8e  Code  Gb  MK60_flash.o [1]
fputc                   0x000022d1    0x14  Code  Gb  MK60_conf.o [1]
gpio_get                0x0000212b    0x3a  Code  Gb  MK60_gpio.o [1]
gpio_init               0x00002045    0xae  Code  Gb  MK60_gpio.o [1]
gpio_turn               0x000020f3    0x38  Code  Gb  MK60_gpio.o [1]
i                       0x1fffa0fd     0x1  Data  Gb  main.o [1]
i_frm_y                 0x00005efd     0x8  Code  Gb  m_zuo_biao.o [1]
image_binarized         0x1fff65dc  0x3ac0  Data  Gb  main.o [1]
image_gray              0x1fff0dbc  0x5820  Data  Gb  main.o [1]
j_frm_x                 0x00005ef7     0x6  Code  Gb  m_zuo_biao.o [1]
key_check               0x00002741    0x2a  Code  Gb  VCAN_key.o [1]
key_get                 0x00002727    0x1a  Code  Gb  VCAN_key.o [1]
key_init                0x000026d5    0x52  Code  Gb  VCAN_key.o [1]
led_init                0x000023d1    0x3a  Code  Gb  VCAN_LED.o [1]
led_turn                0x0000240b    0x32  Code  Gb  VCAN_LED.o [1]
liang_dian_lian_xian    0x000056c9   0x1c2  Code  Gb  i_hua_xian.o [1]
localeconv              0x00003bef    0x16  Code  Gb  localeconv.o [3]
main                    0x00004b19   0x4f8  Code  Gb  main.o [1]
mcg_cfg                 0x1fff0b2c    0x44  Data  Gb  MK60_mcg.o [1]
mcg_div                 0x1fff0b70     0x4  Data  Gb  MK60_mcg.o [1]
mcg_div_count           0x00005fe5   0x2fa  Code  Gb  MK60_mcg.o [1]
memchr                  0x000033d1          Code  Gb  memchr.o [5]
obuf                    0x1fffa0ac    0x50  Data  Lc  xfiles.o [3]
ov7725_eagle_dma        0x0000538d    0x14  Code  Gb  VCAN_OV7725_Eagle.o [1]
ov7725_eagle_get_img    0x000053a1    0x42  Code  Gb  VCAN_OV7725_Eagle.o [1]
ov7725_eagle_img_buff   0x1fffa0a8     0x4  Data  Gb  VCAN_OV7725_Eagle.o [1]
ov7725_eagle_img_flag   0x1fff0bb0     0x1  Data  Gb  VCAN_OV7725_Eagle.o [1]
ov7725_eagle_init       0x000052d9    0x14  Code  Gb  VCAN_OV7725_Eagle.o [1]
ov7725_eagle_port_init  0x000052ed    0x54  Code  Lc  VCAN_OV7725_Eagle.o [1]
ov7725_eagle_reg_init   0x00005411    0x9c  Code  Lc  VCAN_OV7725_Eagle.o [1]
ov7725_eagle_vsync      0x00005341    0x4c  Code  Gb  VCAN_OV7725_Eagle.o [1]
pd_ld_sf_ch_img         0x0000566b    0x28  Code  Gb  i_djys.o [1]
pll_init                0x000062df    0xb2  Code  Gb  MK60_mcg.o [1]
port_init               0x0000216d    0x44  Code  Gb  MK60_port.o [1]
port_init_NoALT         0x000021b1    0x62  Code  Gb  MK60_port.o [1]
printf                  0x00002441    0x24  Code  Gb  printf.o [3]
putchar                 0x000069f1     0xc  Code  Gb  putchar.o [3]
set_sys_dividers        0x1fff0d6d    0x50  Code  Gb  MK60_mcg.o [1]
set_vector_handler      0x000054cf    0x22  Code  Gb  misc.o [1]
sr_zfxdbzb_pdyw_Sgd     0x00004797   0x1ec  Code  Gb  i_f_edge.o [1]
st7735s_dir             0x1fffa0fe     0x1  Data  Gb  VCAN_LCD_ST7735S.o [1]
st7735s_h               0x1fff0ba8     0x2  Data  Gb  VCAN_LCD_ST7735S.o [1]
st7735s_w               0x1fff0baa     0x2  Data  Gb  VCAN_LCD_ST7735S.o [1]
start                   0x00006575    0x22  Code  Gb  system_MK60DZ10.o [1]
start_check             0x000022e5    0x9a  Code  Gb  MK60_conf.o [1]
strchr                  0x00003381          Code  Gb  strchr.o [5]
strlen                  0x00003399          Code  Gb  strlen.o [5]
sysinit                 0x00006597    0x3c  Code  Gb  system_MK60DZ10.o [1]
systick_delay           0x0000221d    0x36  Code  Gb  MK60_SysTick.o [1]
systick_delay_ms        0x00002253    0x18  Code  Gb  MK60_SysTick.o [1]
uart_init               0x00002465   0x218  Code  Gb  MK60_uart.o [1]
uart_putbuff            0x00002697    0x24  Code  Gb  MK60_uart.o [1]
uart_putchar            0x0000267d    0x1a  Code  Gb  MK60_uart.o [1]
vcan_sendimg            0x0000588d    0x38  Code  Gb  VCAN_computer.o [1]
vector_str              0x1fff0410   0x708  Data  Gb  MK60_conf.o [1]
wdog_disable            0x000066a5    0x16  Code  Gb  MK60_wdog.o [1]
wdog_unlock             0x000066bb    0x20  Code  Lc  MK60_wdog.o [1]
write_vtor              0x000054ad    0x22  Code  Gb  misc.o [1]
x_frm_j                 0x00005ee9     0x6  Code  Gb  m_zuo_biao.o [1]
y_frm_i                 0x00005eef     0x8  Code  Gb  m_zuo_biao.o [1]
zhong_dian_img          0x00005693    0x36  Code  Gb  i_djys.o [1]


[1] = C:\Users\Administrator\Desktop\2.补线程序 - 十字\Prj\IAR\DZ10_Debug\Obj
[2] = command line
[3] = dl7M_tlf.a
[4] = m7M_tl.a
[5] = rt7M_tl.a

  22 966 bytes of readonly  code memory
     456 bytes of readwrite code memory
   4 344 bytes of readonly  data memory
  39 855 bytes of readwrite data memory

Errors: none
Warnings: none
